running egg_info
creating ../build/carbot_application/carbot_application.egg-info
writing ../build/carbot_application/carbot_application.egg-info/PKG-INFO
writing dependency_links to ../build/carbot_application/carbot_application.egg-info/dependency_links.txt
writing entry points to ../build/carbot_application/carbot_application.egg-info/entry_points.txt
writing requirements to ../build/carbot_application/carbot_application.egg-info/requires.txt
writing top-level names to ../build/carbot_application/carbot_application.egg-info/top_level.txt
writing manifest file '../build/carbot_application/carbot_application.egg-info/SOURCES.txt'
reading manifest file '../build/carbot_application/carbot_application.egg-info/SOURCES.txt'
adding license file 'LICENSE'
writing manifest file '../build/carbot_application/carbot_application.egg-info/SOURCES.txt'
running build
running build_py
creating /home/luxifer/LearningRoom/navigation_ws/src/build/carbot_application/build
creating /home/luxifer/LearningRoom/navigation_ws/src/build/carbot_application/build/lib
creating /home/luxifer/LearningRoom/navigation_ws/src/build/carbot_application/build/lib/carbot_application
copying carbot_application/init_robot_pose.py -> /home/luxifer/LearningRoom/navigation_ws/src/build/carbot_application/build/lib/carbot_application
copying carbot_application/way_point_follow.py -> /home/luxifer/LearningRoom/navigation_ws/src/build/carbot_application/build/lib/carbot_application
copying carbot_application/get_carbot_pose.py -> /home/luxifer/LearningRoom/navigation_ws/src/build/carbot_application/build/lib/carbot_application
copying carbot_application/nav_2_pos.py -> /home/luxifer/LearningRoom/navigation_ws/src/build/carbot_application/build/lib/carbot_application
copying carbot_application/__init__.py -> /home/luxifer/LearningRoom/navigation_ws/src/build/carbot_application/build/lib/carbot_application
running install
running install_lib
creating /home/luxifer/LearningRoom/navigation_ws/src/install/carbot_application/lib/python3.12/site-packages/carbot_application
copying /home/luxifer/LearningRoom/navigation_ws/src/build/carbot_application/build/lib/carbot_application/init_robot_pose.py -> /home/luxifer/LearningRoom/navigation_ws/src/install/carbot_application/lib/python3.12/site-packages/carbot_application
copying /home/luxifer/LearningRoom/navigation_ws/src/build/carbot_application/build/lib/carbot_application/way_point_follow.py -> /home/luxifer/LearningRoom/navigation_ws/src/install/carbot_application/lib/python3.12/site-packages/carbot_application
copying /home/luxifer/LearningRoom/navigation_ws/src/build/carbot_application/build/lib/carbot_application/get_carbot_pose.py -> /home/luxifer/LearningRoom/navigation_ws/src/install/carbot_application/lib/python3.12/site-packages/carbot_application
copying /home/luxifer/LearningRoom/navigation_ws/src/build/carbot_application/build/lib/carbot_application/nav_2_pos.py -> /home/luxifer/LearningRoom/navigation_ws/src/install/carbot_application/lib/python3.12/site-packages/carbot_application
copying /home/luxifer/LearningRoom/navigation_ws/src/build/carbot_application/build/lib/carbot_application/__init__.py -> /home/luxifer/LearningRoom/navigation_ws/src/install/carbot_application/lib/python3.12/site-packages/carbot_application
byte-compiling /home/luxifer/LearningRoom/navigation_ws/src/install/carbot_application/lib/python3.12/site-packages/carbot_application/init_robot_pose.py to init_robot_pose.cpython-312.pyc
byte-compiling /home/luxifer/LearningRoom/navigation_ws/src/install/carbot_application/lib/python3.12/site-packages/carbot_application/way_point_follow.py to way_point_follow.cpython-312.pyc
byte-compiling /home/luxifer/LearningRoom/navigation_ws/src/install/carbot_application/lib/python3.12/site-packages/carbot_application/get_carbot_pose.py to get_carbot_pose.cpython-312.pyc
byte-compiling /home/luxifer/LearningRoom/navigation_ws/src/install/carbot_application/lib/python3.12/site-packages/carbot_application/nav_2_pos.py to nav_2_pos.cpython-312.pyc
byte-compiling /home/luxifer/LearningRoom/navigation_ws/src/install/carbot_application/lib/python3.12/site-packages/carbot_application/__init__.py to __init__.cpython-312.pyc
running install_data
creating /home/luxifer/LearningRoom/navigation_ws/src/install/carbot_application/share/ament_index
creating /home/luxifer/LearningRoom/navigation_ws/src/install/carbot_application/share/ament_index/resource_index
creating /home/luxifer/LearningRoom/navigation_ws/src/install/carbot_application/share/ament_index/resource_index/packages
copying resource/carbot_application -> /home/luxifer/LearningRoom/navigation_ws/src/install/carbot_application/share/ament_index/resource_index/packages
copying package.xml -> /home/luxifer/LearningRoom/navigation_ws/src/install/carbot_application/share/carbot_application
running install_egg_info
Copying ../build/carbot_application/carbot_application.egg-info to /home/luxifer/LearningRoom/navigation_ws/src/install/carbot_application/lib/python3.12/site-packages/carbot_application-0.0.0-py3.12.egg-info
running install_scripts
Installing get_carbot_pose script to /home/luxifer/LearningRoom/navigation_ws/src/install/carbot_application/lib/carbot_application
Installing init_robot_pose script to /home/luxifer/LearningRoom/navigation_ws/src/install/carbot_application/lib/carbot_application
Installing nav_2_pos script to /home/luxifer/LearningRoom/navigation_ws/src/install/carbot_application/lib/carbot_application
writing list of installed files to '/home/luxifer/LearningRoom/navigation_ws/src/build/carbot_application/install.log'
