[0.007s] Invoking command in '/home/luxifer/LearningRoom/navigation_ws/src/nav2_custom_planner/build/nav2_custom_planner': CMAKE_PREFIX_PATH=${CMAKE_PREFIX_PATH}:/opt/ros/jazzy DEBUGINFOD_URLS=https://debuginfod.ubuntu.com /usr/bin/cmake /home/luxifer/LearningRoom/navigation_ws/src/nav2_custom_planner -DCMAKE_INSTALL_PREFIX=/home/luxifer/LearningRoom/navigation_ws/src/nav2_custom_planner/install/nav2_custom_planner
[0.017s] -- Found ament_cmake: 2.5.5 (/opt/ros/jazzy/share/ament_cmake/cmake)
[0.138s] -- Found pluginlib: 5.4.4 (/opt/ros/jazzy/share/pluginlib/cmake)
[0.151s] -- Found TinyXML2 via Config file: /usr/lib/x86_64-linux-gnu/cmake/tinyxml2
[0.151s] -- Found nav2_core: 1.3.10 (/opt/ros/jazzy/share/nav2_core/cmake)
[0.161s] -- Found rosidl_generator_c: 4.6.7 (/opt/ros/jazzy/share/rosidl_generator_c/cmake)
[0.166s] -- Found rosidl_generator_cpp: 4.6.7 (/opt/ros/jazzy/share/rosidl_generator_cpp/cmake)
[0.172s] -- Using all available rosidl_typesupport_c: rosidl_typesupport_fastrtps_c;rosidl_typesupport_introspection_c
[0.178s] -- Using all available rosidl_typesupport_cpp: rosidl_typesupport_fastrtps_cpp;rosidl_typesupport_introspection_cpp
[0.210s] -- Found rmw_implementation_cmake: 7.3.3 (/opt/ros/jazzy/share/rmw_implementation_cmake/cmake)
[0.211s] -- Found rmw_cyclonedds_cpp: 2.2.3 (/opt/ros/jazzy/share/rmw_cyclonedds_cpp/cmake)
[0.224s] -- Using RMW implementation 'rmw_cyclonedds_cpp' as default
[0.437s] -- Found eigen3_cmake_module: 0.3.0 (/opt/ros/jazzy/share/eigen3_cmake_module/cmake)
[0.438s] -- Ensuring Eigen3 include directory is part of orocos-kdl CMake target
[0.531s] -- Found ament_lint_auto: 0.17.4 (/opt/ros/jazzy/share/ament_lint_auto/cmake)
[0.601s] -- Added test 'cppcheck' to perform static code analysis on C / C++ code
[0.601s] -- Configured cppcheck include dirs: /home/luxifer/LearningRoom/navigation_ws/src/nav2_custom_planner/include
[0.601s] -- Configured cppcheck exclude dirs and/or files: 
[0.602s] -- Added test 'flake8' to check Python code syntax and style conventions
[0.602s] -- Configured 'flake8' exclude dirs and/or files: 
[0.603s] -- Added test 'lint_cmake' to check CMake code style
[0.604s] -- Added test 'pep257' to check Python code against some of the docstring style conventions in PEP 257
[0.608s] -- Added test 'uncrustify' to check C / C++ code style
[0.608s] -- Configured uncrustify additional arguments: 
[0.608s] -- Added test 'xmllint' to check XML markup files
[0.611s] -- Configuring done (0.6s)
[0.799s] -- Generating done (0.2s)
[0.802s] -- Build files have been written to: /home/luxifer/LearningRoom/navigation_ws/src/nav2_custom_planner/build/nav2_custom_planner
[0.808s] Invoked command in '/home/luxifer/LearningRoom/navigation_ws/src/nav2_custom_planner/build/nav2_custom_planner' returned '0': CMAKE_PREFIX_PATH=${CMAKE_PREFIX_PATH}:/opt/ros/jazzy DEBUGINFOD_URLS=https://debuginfod.ubuntu.com /usr/bin/cmake /home/luxifer/LearningRoom/navigation_ws/src/nav2_custom_planner -DCMAKE_INSTALL_PREFIX=/home/luxifer/LearningRoom/navigation_ws/src/nav2_custom_planner/install/nav2_custom_planner
[0.809s] Invoking command in '/home/luxifer/LearningRoom/navigation_ws/src/nav2_custom_planner/build/nav2_custom_planner': CMAKE_PREFIX_PATH=${CMAKE_PREFIX_PATH}:/opt/ros/jazzy DEBUGINFOD_URLS=https://debuginfod.ubuntu.com /usr/bin/cmake --build /home/luxifer/LearningRoom/navigation_ws/src/nav2_custom_planner/build/nav2_custom_planner -- -j8 -l8
[0.850s] [ 50%] [32mBuilding CXX object CMakeFiles/nav2_custom_planner_plugin.dir/src/nav2_custom_planner.cpp.o[0m
[1.234s] [01m[K/home/luxifer/LearningRoom/navigation_ws/src/nav2_custom_planner/src/nav2_custom_planner.cpp:6:10:[m[K [01;31m[Kfatal error: [m[Knav2_core/exceptions.hpp: 没有那个文件或目录
[1.234s]     6 | #include [01;31m[K"nav2_core/exceptions.hpp"[m[K
[1.234s]       |          [01;31m[K^~~~~~~~~~~~~~~~~~~~~~~~~~[m[K
[1.234s] compilation terminated.
[1.235s] gmake[2]: *** [CMakeFiles/nav2_custom_planner_plugin.dir/build.make:76：CMakeFiles/nav2_custom_planner_plugin.dir/src/nav2_custom_planner.cpp.o] 错误 1
[1.235s] gmake[1]: *** [CMakeFiles/Makefile2:137：CMakeFiles/nav2_custom_planner_plugin.dir/all] 错误 2
[1.236s] gmake: *** [Makefile:146：all] 错误 2
[1.237s] Invoked command in '/home/luxifer/LearningRoom/navigation_ws/src/nav2_custom_planner/build/nav2_custom_planner' returned '2': CMAKE_PREFIX_PATH=${CMAKE_PREFIX_PATH}:/opt/ros/jazzy DEBUGINFOD_URLS=https://debuginfod.ubuntu.com /usr/bin/cmake --build /home/luxifer/LearningRoom/navigation_ws/src/nav2_custom_planner/build/nav2_custom_planner -- -j8 -l8
