[0.140s] Invoking command in '/home/luxifer/LearningRoom/navigation_ws/src/build/carbot_navigation': CMAKE_PREFIX_PATH=${CMAKE_PREFIX_PATH}:/home/luxifer/LearningRoom/navigation_ws/install/auto_patrol_carbot:/home/luxifer/LearningRoom/navigation_ws/install/carbot_application:/opt/ros/jazzy DEBUGINFOD_URLS=https://debuginfod.ubuntu.com /usr/bin/cmake /home/luxifer/LearningRoom/navigation_ws/src/carbot_navigation -DCMAKE_INSTALL_PREFIX=/home/luxifer/LearningRoom/navigation_ws/src/install/carbot_navigation
[0.188s] -- The C compiler identification is GNU 13.3.0
[0.238s] -- The CXX compiler identification is GNU 13.3.0
[0.253s] -- Detecting C compiler ABI info
[0.339s] -- Detecting C compiler ABI info - done
[0.345s] -- Check for working C compiler: /usr/bin/cc - skipped
[0.347s] -- Detecting C compile features
[0.348s] -- Detecting C compile features - done
[0.357s] -- Detecting CXX compiler ABI info
[0.456s] -- Detecting CXX compiler ABI info - done
[0.462s] -- Check for working CXX compiler: /usr/bin/c++ - skipped
[0.462s] -- Detecting CXX compile features
[0.462s] -- Detecting CXX compile features - done
[0.468s] -- Found ament_cmake: 2.5.5 (/opt/ros/jazzy/share/ament_cmake/cmake)
[0.619s] -- Found Python3: /usr/bin/python3 (found version "3.12.3") found components: Interpreter 
[0.733s] -- Found ament_lint_auto: 0.17.4 (/opt/ros/jazzy/share/ament_lint_auto/cmake)
[0.836s] -- Added test 'flake8' to check Python code syntax and style conventions
[0.836s] -- Configured 'flake8' exclude dirs and/or files: 
[0.836s] -- Added test 'lint_cmake' to check CMake code style
[0.836s] -- Added test 'pep257' to check Python code against some of the docstring style conventions in PEP 257
[0.839s] -- Added test 'xmllint' to check XML markup files
[0.841s] -- Configuring done (0.7s)
[0.846s] -- Generating done (0.0s)
[0.846s] -- Build files have been written to: /home/luxifer/LearningRoom/navigation_ws/src/build/carbot_navigation
[0.853s] Invoked command in '/home/luxifer/LearningRoom/navigation_ws/src/build/carbot_navigation' returned '0': CMAKE_PREFIX_PATH=${CMAKE_PREFIX_PATH}:/home/luxifer/LearningRoom/navigation_ws/install/auto_patrol_carbot:/home/luxifer/LearningRoom/navigation_ws/install/carbot_application:/opt/ros/jazzy DEBUGINFOD_URLS=https://debuginfod.ubuntu.com /usr/bin/cmake /home/luxifer/LearningRoom/navigation_ws/src/carbot_navigation -DCMAKE_INSTALL_PREFIX=/home/luxifer/LearningRoom/navigation_ws/src/install/carbot_navigation
[0.855s] Invoking command in '/home/luxifer/LearningRoom/navigation_ws/src/build/carbot_navigation': CMAKE_PREFIX_PATH=${CMAKE_PREFIX_PATH}:/home/luxifer/LearningRoom/navigation_ws/install/auto_patrol_carbot:/home/luxifer/LearningRoom/navigation_ws/install/carbot_application:/opt/ros/jazzy DEBUGINFOD_URLS=https://debuginfod.ubuntu.com /usr/bin/cmake --build /home/luxifer/LearningRoom/navigation_ws/src/build/carbot_navigation -- -j8 -l8
[0.904s] Invoked command in '/home/luxifer/LearningRoom/navigation_ws/src/build/carbot_navigation' returned '0': CMAKE_PREFIX_PATH=${CMAKE_PREFIX_PATH}:/home/luxifer/LearningRoom/navigation_ws/install/auto_patrol_carbot:/home/luxifer/LearningRoom/navigation_ws/install/carbot_application:/opt/ros/jazzy DEBUGINFOD_URLS=https://debuginfod.ubuntu.com /usr/bin/cmake --build /home/luxifer/LearningRoom/navigation_ws/src/build/carbot_navigation -- -j8 -l8
[0.918s] Invoking command in '/home/luxifer/LearningRoom/navigation_ws/src/build/carbot_navigation': CMAKE_PREFIX_PATH=${CMAKE_PREFIX_PATH}:/home/luxifer/LearningRoom/navigation_ws/install/auto_patrol_carbot:/home/luxifer/LearningRoom/navigation_ws/install/carbot_application:/opt/ros/jazzy DEBUGINFOD_URLS=https://debuginfod.ubuntu.com /usr/bin/cmake --install /home/luxifer/LearningRoom/navigation_ws/src/build/carbot_navigation
[0.926s] -- Install configuration: ""
[0.927s] -- Installing: /home/luxifer/LearningRoom/navigation_ws/src/install/carbot_navigation/share/carbot_navigation/launch
[0.927s] -- Installing: /home/luxifer/LearningRoom/navigation_ws/src/install/carbot_navigation/share/carbot_navigation/launch/nav2_launch.py
[0.927s] -- Installing: /home/luxifer/LearningRoom/navigation_ws/src/install/carbot_navigation/share/carbot_navigation/config
[0.927s] -- Installing: /home/luxifer/LearningRoom/navigation_ws/src/install/carbot_navigation/share/carbot_navigation/config/nav2_params.yaml
[0.927s] -- Installing: /home/luxifer/LearningRoom/navigation_ws/src/install/carbot_navigation/share/carbot_navigation/maps
[0.927s] -- Installing: /home/luxifer/LearningRoom/navigation_ws/src/install/carbot_navigation/share/carbot_navigation/maps/room.yaml
[0.927s] -- Installing: /home/luxifer/LearningRoom/navigation_ws/src/install/carbot_navigation/share/carbot_navigation/maps/room.pgm
[0.927s] -- Installing: /home/luxifer/LearningRoom/navigation_ws/src/install/carbot_navigation/share/ament_index/resource_index/package_run_dependencies/carbot_navigation
[0.928s] -- Installing: /home/luxifer/LearningRoom/navigation_ws/src/install/carbot_navigation/share/ament_index/resource_index/parent_prefix_path/carbot_navigation
[0.928s] -- Installing: /home/luxifer/LearningRoom/navigation_ws/src/install/carbot_navigation/share/carbot_navigation/environment/ament_prefix_path.sh
[0.928s] -- Installing: /home/luxifer/LearningRoom/navigation_ws/src/install/carbot_navigation/share/carbot_navigation/environment/ament_prefix_path.dsv
[0.928s] -- Installing: /home/luxifer/LearningRoom/navigation_ws/src/install/carbot_navigation/share/carbot_navigation/environment/path.sh
[0.928s] -- Installing: /home/luxifer/LearningRoom/navigation_ws/src/install/carbot_navigation/share/carbot_navigation/environment/path.dsv
[0.928s] -- Installing: /home/luxifer/LearningRoom/navigation_ws/src/install/carbot_navigation/share/carbot_navigation/local_setup.bash
[0.928s] -- Installing: /home/luxifer/LearningRoom/navigation_ws/src/install/carbot_navigation/share/carbot_navigation/local_setup.sh
[0.928s] -- Installing: /home/luxifer/LearningRoom/navigation_ws/src/install/carbot_navigation/share/carbot_navigation/local_setup.zsh
[0.929s] -- Installing: /home/luxifer/LearningRoom/navigation_ws/src/install/carbot_navigation/share/carbot_navigation/local_setup.dsv
[0.929s] -- Installing: /home/luxifer/LearningRoom/navigation_ws/src/install/carbot_navigation/share/carbot_navigation/package.dsv
[0.929s] -- Installing: /home/luxifer/LearningRoom/navigation_ws/src/install/carbot_navigation/share/ament_index/resource_index/packages/carbot_navigation
[0.929s] -- Installing: /home/luxifer/LearningRoom/navigation_ws/src/install/carbot_navigation/share/carbot_navigation/cmake/carbot_navigationConfig.cmake
[0.929s] -- Installing: /home/luxifer/LearningRoom/navigation_ws/src/install/carbot_navigation/share/carbot_navigation/cmake/carbot_navigationConfig-version.cmake
[0.929s] -- Installing: /home/luxifer/LearningRoom/navigation_ws/src/install/carbot_navigation/share/carbot_navigation/package.xml
[0.933s] Invoked command in '/home/luxifer/LearningRoom/navigation_ws/src/build/carbot_navigation' returned '0': CMAKE_PREFIX_PATH=${CMAKE_PREFIX_PATH}:/home/luxifer/LearningRoom/navigation_ws/install/auto_patrol_carbot:/home/luxifer/LearningRoom/navigation_ws/install/carbot_application:/opt/ros/jazzy DEBUGINFOD_URLS=https://debuginfod.ubuntu.com /usr/bin/cmake --install /home/luxifer/LearningRoom/navigation_ws/src/build/carbot_navigation
