/home/luxifer/LearningRoom/navigation_ws/src/install/carbot_application/lib/python3.12/site-packages/carbot_application/init_robot_pose.py
/home/luxifer/LearningRoom/navigation_ws/src/install/carbot_application/lib/python3.12/site-packages/carbot_application/way_point_follow.py
/home/luxifer/LearningRoom/navigation_ws/src/install/carbot_application/lib/python3.12/site-packages/carbot_application/get_carbot_pose.py
/home/luxifer/LearningRoom/navigation_ws/src/install/carbot_application/lib/python3.12/site-packages/carbot_application/nav_2_pos.py
/home/luxifer/LearningRoom/navigation_ws/src/install/carbot_application/lib/python3.12/site-packages/carbot_application/__init__.py
/home/luxifer/LearningRoom/navigation_ws/src/install/carbot_application/lib/python3.12/site-packages/carbot_application/__pycache__/init_robot_pose.cpython-312.pyc
/home/luxifer/LearningRoom/navigation_ws/src/install/carbot_application/lib/python3.12/site-packages/carbot_application/__pycache__/way_point_follow.cpython-312.pyc
/home/luxifer/LearningRoom/navigation_ws/src/install/carbot_application/lib/python3.12/site-packages/carbot_application/__pycache__/get_carbot_pose.cpython-312.pyc
/home/luxifer/LearningRoom/navigation_ws/src/install/carbot_application/lib/python3.12/site-packages/carbot_application/__pycache__/nav_2_pos.cpython-312.pyc
/home/luxifer/LearningRoom/navigation_ws/src/install/carbot_application/lib/python3.12/site-packages/carbot_application/__pycache__/__init__.cpython-312.pyc
/home/luxifer/LearningRoom/navigation_ws/src/install/carbot_application/share/ament_index/resource_index/packages/carbot_application
/home/luxifer/LearningRoom/navigation_ws/src/install/carbot_application/share/carbot_application/package.xml
/home/luxifer/LearningRoom/navigation_ws/src/install/carbot_application/lib/python3.12/site-packages/carbot_application-0.0.0-py3.12.egg-info/entry_points.txt
/home/luxifer/LearningRoom/navigation_ws/src/install/carbot_application/lib/python3.12/site-packages/carbot_application-0.0.0-py3.12.egg-info/PKG-INFO
/home/luxifer/LearningRoom/navigation_ws/src/install/carbot_application/lib/python3.12/site-packages/carbot_application-0.0.0-py3.12.egg-info/SOURCES.txt
/home/luxifer/LearningRoom/navigation_ws/src/install/carbot_application/lib/python3.12/site-packages/carbot_application-0.0.0-py3.12.egg-info/dependency_links.txt
/home/luxifer/LearningRoom/navigation_ws/src/install/carbot_application/lib/python3.12/site-packages/carbot_application-0.0.0-py3.12.egg-info/requires.txt
/home/luxifer/LearningRoom/navigation_ws/src/install/carbot_application/lib/python3.12/site-packages/carbot_application-0.0.0-py3.12.egg-info/top_level.txt
/home/luxifer/LearningRoom/navigation_ws/src/install/carbot_application/lib/python3.12/site-packages/carbot_application-0.0.0-py3.12.egg-info/zip-safe
/home/luxifer/LearningRoom/navigation_ws/src/install/carbot_application/lib/carbot_application/get_carbot_pose
/home/luxifer/LearningRoom/navigation_ws/src/install/carbot_application/lib/carbot_application/init_robot_pose
/home/luxifer/LearningRoom/navigation_ws/src/install/carbot_application/lib/carbot_application/nav_2_pos
