[0.055s] DEBUG:colcon:Command line arguments: ['/usr/bin/colcon', 'build']
[0.055s] DEBUG:colcon:Parsed command line arguments: Namespace(log_base=None, log_level=None, verb_name='build', build_base='build', install_base='install', merge_install=False, symlink_install=False, test_result_base=None, continue_on_error=False, executor='parallel', parallel_workers=8, event_handlers=None, ignore_user_meta=False, metas=['./colcon.meta'], base_paths=['.'], packages_ignore=None, packages_ignore_regex=None, paths=None, packages_up_to=None, packages_up_to_regex=None, packages_above=None, packages_above_and_dependencies=None, packages_above_depth=None, packages_select_by_dep=None, packages_skip_by_dep=None, packages_skip_up_to=None, packages_select_build_failed=False, packages_skip_build_finished=False, packages_select_test_failures=False, packages_skip_test_passed=False, packages_select=None, packages_skip=None, packages_select_regex=None, packages_skip_regex=None, packages_start=None, packages_end=None, allow_overriding=[], cmake_args=None, cmake_target=None, cmake_target_skip_unavailable=False, cmake_clean_cache=False, cmake_clean_first=False, cmake_force_configure=False, ament_cmake_args=None, catkin_cmake_args=None, catkin_skip_building_tests=False, verb_parser=<colcon_defaults.argument_parser.defaults.DefaultArgumentsDecorator object at 0x7d0a5067b0e0>, verb_extension=<colcon_core.verb.build.BuildVerb object at 0x7d0a5067a990>, main=<bound method BuildVerb.main of <colcon_core.verb.build.BuildVerb object at 0x7d0a5067a990>>)
[0.076s] Level 1:colcon.colcon_core.package_discovery:discover_packages(colcon_meta) check parameters
[0.076s] Level 1:colcon.colcon_core.package_discovery:discover_packages(recursive) check parameters
[0.076s] Level 1:colcon.colcon_core.package_discovery:discover_packages(ignore) check parameters
[0.076s] Level 1:colcon.colcon_core.package_discovery:discover_packages(path) check parameters
[0.076s] Level 1:colcon.colcon_core.package_discovery:discover_packages(colcon_meta) discover
[0.076s] Level 1:colcon.colcon_core.package_discovery:discover_packages(recursive) discover
[0.076s] INFO:colcon.colcon_core.package_discovery:Crawling recursively for packages in '/home/luxifer/LearningRoom/navigation_ws/src'
[0.076s] Level 1:colcon.colcon_core.package_identification:_identify(.) by extensions ['ignore', 'ignore_ament_install']
[0.077s] Level 1:colcon.colcon_core.package_identification:_identify(.) by extension 'ignore'
[0.077s] Level 1:colcon.colcon_core.package_identification:_identify(.) by extension 'ignore_ament_install'
[0.077s] Level 1:colcon.colcon_core.package_identification:_identify(.) by extensions ['colcon_pkg']
[0.077s] Level 1:colcon.colcon_core.package_identification:_identify(.) by extension 'colcon_pkg'
[0.077s] Level 1:colcon.colcon_core.package_identification:_identify(.) by extensions ['colcon_meta']
[0.077s] Level 1:colcon.colcon_core.package_identification:_identify(.) by extension 'colcon_meta'
[0.077s] Level 1:colcon.colcon_core.package_identification:_identify(.) by extensions ['ros']
[0.077s] Level 1:colcon.colcon_core.package_identification:_identify(.) by extension 'ros'
[0.090s] Level 1:colcon.colcon_core.package_identification:_identify(.) by extensions ['cmake', 'python']
[0.091s] Level 1:colcon.colcon_core.package_identification:_identify(.) by extension 'cmake'
[0.091s] Level 1:colcon.colcon_core.package_identification:_identify(.) by extension 'python'
[0.091s] Level 1:colcon.colcon_core.package_identification:_identify(.) by extensions ['python_setup_py']
[0.091s] Level 1:colcon.colcon_core.package_identification:_identify(.) by extension 'python_setup_py'
[0.091s] Level 1:colcon.colcon_core.package_identification:_identify(auto_patrol_carbot) by extensions ['ignore', 'ignore_ament_install']
[0.091s] Level 1:colcon.colcon_core.package_identification:_identify(auto_patrol_carbot) by extension 'ignore'
[0.091s] Level 1:colcon.colcon_core.package_identification:_identify(auto_patrol_carbot) by extension 'ignore_ament_install'
[0.091s] Level 1:colcon.colcon_core.package_identification:_identify(auto_patrol_carbot) by extensions ['colcon_pkg']
[0.091s] Level 1:colcon.colcon_core.package_identification:_identify(auto_patrol_carbot) by extension 'colcon_pkg'
[0.091s] Level 1:colcon.colcon_core.package_identification:_identify(auto_patrol_carbot) by extensions ['colcon_meta']
[0.091s] Level 1:colcon.colcon_core.package_identification:_identify(auto_patrol_carbot) by extension 'colcon_meta'
[0.091s] Level 1:colcon.colcon_core.package_identification:_identify(auto_patrol_carbot) by extensions ['ros']
[0.091s] Level 1:colcon.colcon_core.package_identification:_identify(auto_patrol_carbot) by extension 'ros'
[0.092s] DEBUG:colcon.colcon_core.package_identification:Package 'auto_patrol_carbot' with type 'ros.ament_python' and name 'auto_patrol_carbot'
[0.093s] Level 1:colcon.colcon_core.package_identification:_identify(build) by extensions ['ignore', 'ignore_ament_install']
[0.093s] Level 1:colcon.colcon_core.package_identification:_identify(build) by extension 'ignore'
[0.093s] Level 1:colcon.colcon_core.package_identification:_identify(build) ignored
[0.093s] Level 1:colcon.colcon_core.package_identification:_identify(carbot_application) by extensions ['ignore', 'ignore_ament_install']
[0.093s] Level 1:colcon.colcon_core.package_identification:_identify(carbot_application) by extension 'ignore'
[0.093s] Level 1:colcon.colcon_core.package_identification:_identify(carbot_application) by extension 'ignore_ament_install'
[0.093s] Level 1:colcon.colcon_core.package_identification:_identify(carbot_application) by extensions ['colcon_pkg']
[0.093s] Level 1:colcon.colcon_core.package_identification:_identify(carbot_application) by extension 'colcon_pkg'
[0.093s] Level 1:colcon.colcon_core.package_identification:_identify(carbot_application) by extensions ['colcon_meta']
[0.093s] Level 1:colcon.colcon_core.package_identification:_identify(carbot_application) by extension 'colcon_meta'
[0.093s] Level 1:colcon.colcon_core.package_identification:_identify(carbot_application) by extensions ['ros']
[0.093s] Level 1:colcon.colcon_core.package_identification:_identify(carbot_application) by extension 'ros'
[0.093s] DEBUG:colcon.colcon_core.package_identification:Package 'carbot_application' with type 'ros.ament_python' and name 'carbot_application'
[0.093s] Level 1:colcon.colcon_core.package_identification:_identify(carbot_navigation) by extensions ['ignore', 'ignore_ament_install']
[0.093s] Level 1:colcon.colcon_core.package_identification:_identify(carbot_navigation) by extension 'ignore'
[0.093s] Level 1:colcon.colcon_core.package_identification:_identify(carbot_navigation) by extension 'ignore_ament_install'
[0.093s] Level 1:colcon.colcon_core.package_identification:_identify(carbot_navigation) by extensions ['colcon_pkg']
[0.093s] Level 1:colcon.colcon_core.package_identification:_identify(carbot_navigation) by extension 'colcon_pkg'
[0.093s] Level 1:colcon.colcon_core.package_identification:_identify(carbot_navigation) by extensions ['colcon_meta']
[0.093s] Level 1:colcon.colcon_core.package_identification:_identify(carbot_navigation) by extension 'colcon_meta'
[0.093s] Level 1:colcon.colcon_core.package_identification:_identify(carbot_navigation) by extensions ['ros']
[0.093s] Level 1:colcon.colcon_core.package_identification:_identify(carbot_navigation) by extension 'ros'
[0.093s] DEBUG:colcon.colcon_core.package_identification:Package 'carbot_navigation' with type 'ros.ament_cmake' and name 'carbot_navigation'
[0.093s] Level 1:colcon.colcon_core.package_identification:_identify(carbot_patrol_interfaces) by extensions ['ignore', 'ignore_ament_install']
[0.094s] Level 1:colcon.colcon_core.package_identification:_identify(carbot_patrol_interfaces) by extension 'ignore'
[0.094s] Level 1:colcon.colcon_core.package_identification:_identify(carbot_patrol_interfaces) by extension 'ignore_ament_install'
[0.094s] Level 1:colcon.colcon_core.package_identification:_identify(carbot_patrol_interfaces) by extensions ['colcon_pkg']
[0.094s] Level 1:colcon.colcon_core.package_identification:_identify(carbot_patrol_interfaces) by extension 'colcon_pkg'
[0.094s] Level 1:colcon.colcon_core.package_identification:_identify(carbot_patrol_interfaces) by extensions ['colcon_meta']
[0.094s] Level 1:colcon.colcon_core.package_identification:_identify(carbot_patrol_interfaces) by extension 'colcon_meta'
[0.094s] Level 1:colcon.colcon_core.package_identification:_identify(carbot_patrol_interfaces) by extensions ['ros']
[0.094s] Level 1:colcon.colcon_core.package_identification:_identify(carbot_patrol_interfaces) by extension 'ros'
[0.094s] DEBUG:colcon.colcon_core.package_identification:Package 'carbot_patrol_interfaces' with type 'ros.ament_cmake' and name 'carbot_patrol_interfaces'
[0.094s] Level 1:colcon.colcon_core.package_identification:_identify(install) by extensions ['ignore', 'ignore_ament_install']
[0.094s] Level 1:colcon.colcon_core.package_identification:_identify(install) by extension 'ignore'
[0.094s] Level 1:colcon.colcon_core.package_identification:_identify(install) ignored
[0.094s] Level 1:colcon.colcon_core.package_identification:_identify(log) by extensions ['ignore', 'ignore_ament_install']
[0.094s] Level 1:colcon.colcon_core.package_identification:_identify(log) by extension 'ignore'
[0.094s] Level 1:colcon.colcon_core.package_identification:_identify(log) ignored
[0.094s] Level 1:colcon.colcon_core.package_identification:_identify(my_arm_description) by extensions ['ignore', 'ignore_ament_install']
[0.094s] Level 1:colcon.colcon_core.package_identification:_identify(my_arm_description) by extension 'ignore'
[0.094s] Level 1:colcon.colcon_core.package_identification:_identify(my_arm_description) by extension 'ignore_ament_install'
[0.094s] Level 1:colcon.colcon_core.package_identification:_identify(my_arm_description) by extensions ['colcon_pkg']
[0.094s] Level 1:colcon.colcon_core.package_identification:_identify(my_arm_description) by extension 'colcon_pkg'
[0.094s] Level 1:colcon.colcon_core.package_identification:_identify(my_arm_description) by extensions ['colcon_meta']
[0.094s] Level 1:colcon.colcon_core.package_identification:_identify(my_arm_description) by extension 'colcon_meta'
[0.094s] Level 1:colcon.colcon_core.package_identification:_identify(my_arm_description) by extensions ['ros']
[0.094s] Level 1:colcon.colcon_core.package_identification:_identify(my_arm_description) by extension 'ros'
[0.094s] DEBUG:colcon.colcon_core.package_identification:Package 'my_arm_description' with type 'ros.ament_cmake' and name 'my_arm_description'
[0.094s] Level 1:colcon.colcon_core.package_identification:_identify(nav2_custom_controller) by extensions ['ignore', 'ignore_ament_install']
[0.094s] Level 1:colcon.colcon_core.package_identification:_identify(nav2_custom_controller) by extension 'ignore'
[0.095s] Level 1:colcon.colcon_core.package_identification:_identify(nav2_custom_controller) by extension 'ignore_ament_install'
[0.095s] Level 1:colcon.colcon_core.package_identification:_identify(nav2_custom_controller) by extensions ['colcon_pkg']
[0.095s] Level 1:colcon.colcon_core.package_identification:_identify(nav2_custom_controller) by extension 'colcon_pkg'
[0.095s] Level 1:colcon.colcon_core.package_identification:_identify(nav2_custom_controller) by extensions ['colcon_meta']
[0.095s] Level 1:colcon.colcon_core.package_identification:_identify(nav2_custom_controller) by extension 'colcon_meta'
[0.095s] Level 1:colcon.colcon_core.package_identification:_identify(nav2_custom_controller) by extensions ['ros']
[0.095s] Level 1:colcon.colcon_core.package_identification:_identify(nav2_custom_controller) by extension 'ros'
[0.095s] DEBUG:colcon.colcon_core.package_identification:Package 'nav2_custom_controller' with type 'ros.ament_cmake' and name 'nav2_custom_controller'
[0.095s] Level 1:colcon.colcon_core.package_identification:_identify(nav2_custom_planner) by extensions ['ignore', 'ignore_ament_install']
[0.095s] Level 1:colcon.colcon_core.package_identification:_identify(nav2_custom_planner) by extension 'ignore'
[0.095s] Level 1:colcon.colcon_core.package_identification:_identify(nav2_custom_planner) by extension 'ignore_ament_install'
[0.095s] Level 1:colcon.colcon_core.package_identification:_identify(nav2_custom_planner) by extensions ['colcon_pkg']
[0.095s] Level 1:colcon.colcon_core.package_identification:_identify(nav2_custom_planner) by extension 'colcon_pkg'
[0.095s] Level 1:colcon.colcon_core.package_identification:_identify(nav2_custom_planner) by extensions ['colcon_meta']
[0.095s] Level 1:colcon.colcon_core.package_identification:_identify(nav2_custom_planner) by extension 'colcon_meta'
[0.095s] Level 1:colcon.colcon_core.package_identification:_identify(nav2_custom_planner) by extensions ['ros']
[0.095s] Level 1:colcon.colcon_core.package_identification:_identify(nav2_custom_planner) by extension 'ros'
[0.095s] DEBUG:colcon.colcon_core.package_identification:Package 'nav2_custom_planner' with type 'ros.ament_cmake' and name 'nav2_custom_planner'
[0.095s] Level 1:colcon.colcon_core.package_discovery:discover_packages(recursive) using defaults
[0.095s] Level 1:colcon.colcon_core.package_discovery:discover_packages(ignore) discover
[0.095s] Level 1:colcon.colcon_core.package_discovery:discover_packages(ignore) using defaults
[0.095s] Level 1:colcon.colcon_core.package_discovery:discover_packages(path) discover
[0.095s] Level 1:colcon.colcon_core.package_discovery:discover_packages(path) using defaults
[0.105s] Level 1:colcon.colcon_core.package_discovery:discover_packages(prefix_path) check parameters
[0.105s] Level 1:colcon.colcon_core.package_discovery:discover_packages(prefix_path) discover
[0.106s] DEBUG:colcon.colcon_installed_package_information.package_discovery:Found 6 installed packages in /home/luxifer/LearningRoom/navigation_ws/install
[0.107s] DEBUG:colcon.colcon_installed_package_information.package_discovery:Found 472 installed packages in /opt/ros/jazzy
[0.108s] Level 1:colcon.colcon_core.package_discovery:discover_packages(prefix_path) using defaults
[0.134s] Level 5:colcon.colcon_core.verb:set package 'carbot_application' build argument 'cmake_args' from command line to 'None'
[0.134s] Level 5:colcon.colcon_core.verb:set package 'carbot_application' build argument 'cmake_target' from command line to 'None'
[0.134s] Level 5:colcon.colcon_core.verb:set package 'carbot_application' build argument 'cmake_target_skip_unavailable' from command line to 'False'
[0.134s] Level 5:colcon.colcon_core.verb:set package 'carbot_application' build argument 'cmake_clean_cache' from command line to 'False'
[0.134s] Level 5:colcon.colcon_core.verb:set package 'carbot_application' build argument 'cmake_clean_first' from command line to 'False'
[0.134s] Level 5:colcon.colcon_core.verb:set package 'carbot_application' build argument 'cmake_force_configure' from command line to 'False'
[0.134s] Level 5:colcon.colcon_core.verb:set package 'carbot_application' build argument 'ament_cmake_args' from command line to 'None'
[0.134s] Level 5:colcon.colcon_core.verb:set package 'carbot_application' build argument 'catkin_cmake_args' from command line to 'None'
[0.134s] Level 5:colcon.colcon_core.verb:set package 'carbot_application' build argument 'catkin_skip_building_tests' from command line to 'False'
[0.134s] DEBUG:colcon.colcon_core.verb:Building package 'carbot_application' with the following arguments: {'ament_cmake_args': None, 'build_base': '/home/luxifer/LearningRoom/navigation_ws/src/build/carbot_application', 'catkin_cmake_args': None, 'catkin_skip_building_tests': False, 'cmake_args': None, 'cmake_clean_cache': False, 'cmake_clean_first': False, 'cmake_force_configure': False, 'cmake_target': None, 'cmake_target_skip_unavailable': False, 'install_base': '/home/luxifer/LearningRoom/navigation_ws/src/install/carbot_application', 'merge_install': False, 'path': '/home/luxifer/LearningRoom/navigation_ws/src/carbot_application', 'symlink_install': False, 'test_result_base': None}
[0.134s] Level 5:colcon.colcon_core.verb:set package 'carbot_navigation' build argument 'cmake_args' from command line to 'None'
[0.134s] Level 5:colcon.colcon_core.verb:set package 'carbot_navigation' build argument 'cmake_target' from command line to 'None'
[0.134s] Level 5:colcon.colcon_core.verb:set package 'carbot_navigation' build argument 'cmake_target_skip_unavailable' from command line to 'False'
[0.134s] Level 5:colcon.colcon_core.verb:set package 'carbot_navigation' build argument 'cmake_clean_cache' from command line to 'False'
[0.134s] Level 5:colcon.colcon_core.verb:set package 'carbot_navigation' build argument 'cmake_clean_first' from command line to 'False'
[0.134s] Level 5:colcon.colcon_core.verb:set package 'carbot_navigation' build argument 'cmake_force_configure' from command line to 'False'
[0.134s] Level 5:colcon.colcon_core.verb:set package 'carbot_navigation' build argument 'ament_cmake_args' from command line to 'None'
[0.134s] Level 5:colcon.colcon_core.verb:set package 'carbot_navigation' build argument 'catkin_cmake_args' from command line to 'None'
[0.134s] Level 5:colcon.colcon_core.verb:set package 'carbot_navigation' build argument 'catkin_skip_building_tests' from command line to 'False'
[0.134s] DEBUG:colcon.colcon_core.verb:Building package 'carbot_navigation' with the following arguments: {'ament_cmake_args': None, 'build_base': '/home/luxifer/LearningRoom/navigation_ws/src/build/carbot_navigation', 'catkin_cmake_args': None, 'catkin_skip_building_tests': False, 'cmake_args': None, 'cmake_clean_cache': False, 'cmake_clean_first': False, 'cmake_force_configure': False, 'cmake_target': None, 'cmake_target_skip_unavailable': False, 'install_base': '/home/luxifer/LearningRoom/navigation_ws/src/install/carbot_navigation', 'merge_install': False, 'path': '/home/luxifer/LearningRoom/navigation_ws/src/carbot_navigation', 'symlink_install': False, 'test_result_base': None}
[0.134s] Level 5:colcon.colcon_core.verb:set package 'carbot_patrol_interfaces' build argument 'cmake_args' from command line to 'None'
[0.134s] Level 5:colcon.colcon_core.verb:set package 'carbot_patrol_interfaces' build argument 'cmake_target' from command line to 'None'
[0.134s] Level 5:colcon.colcon_core.verb:set package 'carbot_patrol_interfaces' build argument 'cmake_target_skip_unavailable' from command line to 'False'
[0.134s] Level 5:colcon.colcon_core.verb:set package 'carbot_patrol_interfaces' build argument 'cmake_clean_cache' from command line to 'False'
[0.134s] Level 5:colcon.colcon_core.verb:set package 'carbot_patrol_interfaces' build argument 'cmake_clean_first' from command line to 'False'
[0.134s] Level 5:colcon.colcon_core.verb:set package 'carbot_patrol_interfaces' build argument 'cmake_force_configure' from command line to 'False'
[0.134s] Level 5:colcon.colcon_core.verb:set package 'carbot_patrol_interfaces' build argument 'ament_cmake_args' from command line to 'None'
[0.134s] Level 5:colcon.colcon_core.verb:set package 'carbot_patrol_interfaces' build argument 'catkin_cmake_args' from command line to 'None'
[0.134s] Level 5:colcon.colcon_core.verb:set package 'carbot_patrol_interfaces' build argument 'catkin_skip_building_tests' from command line to 'False'
[0.134s] DEBUG:colcon.colcon_core.verb:Building package 'carbot_patrol_interfaces' with the following arguments: {'ament_cmake_args': None, 'build_base': '/home/luxifer/LearningRoom/navigation_ws/src/build/carbot_patrol_interfaces', 'catkin_cmake_args': None, 'catkin_skip_building_tests': False, 'cmake_args': None, 'cmake_clean_cache': False, 'cmake_clean_first': False, 'cmake_force_configure': False, 'cmake_target': None, 'cmake_target_skip_unavailable': False, 'install_base': '/home/luxifer/LearningRoom/navigation_ws/src/install/carbot_patrol_interfaces', 'merge_install': False, 'path': '/home/luxifer/LearningRoom/navigation_ws/src/carbot_patrol_interfaces', 'symlink_install': False, 'test_result_base': None}
[0.134s] Level 5:colcon.colcon_core.verb:set package 'my_arm_description' build argument 'cmake_args' from command line to 'None'
[0.134s] Level 5:colcon.colcon_core.verb:set package 'my_arm_description' build argument 'cmake_target' from command line to 'None'
[0.134s] Level 5:colcon.colcon_core.verb:set package 'my_arm_description' build argument 'cmake_target_skip_unavailable' from command line to 'False'
[0.134s] Level 5:colcon.colcon_core.verb:set package 'my_arm_description' build argument 'cmake_clean_cache' from command line to 'False'
[0.134s] Level 5:colcon.colcon_core.verb:set package 'my_arm_description' build argument 'cmake_clean_first' from command line to 'False'
[0.134s] Level 5:colcon.colcon_core.verb:set package 'my_arm_description' build argument 'cmake_force_configure' from command line to 'False'
[0.135s] Level 5:colcon.colcon_core.verb:set package 'my_arm_description' build argument 'ament_cmake_args' from command line to 'None'
[0.135s] Level 5:colcon.colcon_core.verb:set package 'my_arm_description' build argument 'catkin_cmake_args' from command line to 'None'
[0.135s] Level 5:colcon.colcon_core.verb:set package 'my_arm_description' build argument 'catkin_skip_building_tests' from command line to 'False'
[0.135s] DEBUG:colcon.colcon_core.verb:Building package 'my_arm_description' with the following arguments: {'ament_cmake_args': None, 'build_base': '/home/luxifer/LearningRoom/navigation_ws/src/build/my_arm_description', 'catkin_cmake_args': None, 'catkin_skip_building_tests': False, 'cmake_args': None, 'cmake_clean_cache': False, 'cmake_clean_first': False, 'cmake_force_configure': False, 'cmake_target': None, 'cmake_target_skip_unavailable': False, 'install_base': '/home/luxifer/LearningRoom/navigation_ws/src/install/my_arm_description', 'merge_install': False, 'path': '/home/luxifer/LearningRoom/navigation_ws/src/my_arm_description', 'symlink_install': False, 'test_result_base': None}
[0.135s] Level 5:colcon.colcon_core.verb:set package 'nav2_custom_controller' build argument 'cmake_args' from command line to 'None'
[0.135s] Level 5:colcon.colcon_core.verb:set package 'nav2_custom_controller' build argument 'cmake_target' from command line to 'None'
[0.135s] Level 5:colcon.colcon_core.verb:set package 'nav2_custom_controller' build argument 'cmake_target_skip_unavailable' from command line to 'False'
[0.135s] Level 5:colcon.colcon_core.verb:set package 'nav2_custom_controller' build argument 'cmake_clean_cache' from command line to 'False'
[0.135s] Level 5:colcon.colcon_core.verb:set package 'nav2_custom_controller' build argument 'cmake_clean_first' from command line to 'False'
[0.135s] Level 5:colcon.colcon_core.verb:set package 'nav2_custom_controller' build argument 'cmake_force_configure' from command line to 'False'
[0.135s] Level 5:colcon.colcon_core.verb:set package 'nav2_custom_controller' build argument 'ament_cmake_args' from command line to 'None'
[0.135s] Level 5:colcon.colcon_core.verb:set package 'nav2_custom_controller' build argument 'catkin_cmake_args' from command line to 'None'
[0.135s] Level 5:colcon.colcon_core.verb:set package 'nav2_custom_controller' build argument 'catkin_skip_building_tests' from command line to 'False'
[0.135s] DEBUG:colcon.colcon_core.verb:Building package 'nav2_custom_controller' with the following arguments: {'ament_cmake_args': None, 'build_base': '/home/luxifer/LearningRoom/navigation_ws/src/build/nav2_custom_controller', 'catkin_cmake_args': None, 'catkin_skip_building_tests': False, 'cmake_args': None, 'cmake_clean_cache': False, 'cmake_clean_first': False, 'cmake_force_configure': False, 'cmake_target': None, 'cmake_target_skip_unavailable': False, 'install_base': '/home/luxifer/LearningRoom/navigation_ws/src/install/nav2_custom_controller', 'merge_install': False, 'path': '/home/luxifer/LearningRoom/navigation_ws/src/nav2_custom_controller', 'symlink_install': False, 'test_result_base': None}
[0.135s] Level 5:colcon.colcon_core.verb:set package 'nav2_custom_planner' build argument 'cmake_args' from command line to 'None'
[0.135s] Level 5:colcon.colcon_core.verb:set package 'nav2_custom_planner' build argument 'cmake_target' from command line to 'None'
[0.135s] Level 5:colcon.colcon_core.verb:set package 'nav2_custom_planner' build argument 'cmake_target_skip_unavailable' from command line to 'False'
[0.135s] Level 5:colcon.colcon_core.verb:set package 'nav2_custom_planner' build argument 'cmake_clean_cache' from command line to 'False'
[0.135s] Level 5:colcon.colcon_core.verb:set package 'nav2_custom_planner' build argument 'cmake_clean_first' from command line to 'False'
[0.135s] Level 5:colcon.colcon_core.verb:set package 'nav2_custom_planner' build argument 'cmake_force_configure' from command line to 'False'
[0.135s] Level 5:colcon.colcon_core.verb:set package 'nav2_custom_planner' build argument 'ament_cmake_args' from command line to 'None'
[0.135s] Level 5:colcon.colcon_core.verb:set package 'nav2_custom_planner' build argument 'catkin_cmake_args' from command line to 'None'
[0.135s] Level 5:colcon.colcon_core.verb:set package 'nav2_custom_planner' build argument 'catkin_skip_building_tests' from command line to 'False'
[0.135s] DEBUG:colcon.colcon_core.verb:Building package 'nav2_custom_planner' with the following arguments: {'ament_cmake_args': None, 'build_base': '/home/luxifer/LearningRoom/navigation_ws/src/build/nav2_custom_planner', 'catkin_cmake_args': None, 'catkin_skip_building_tests': False, 'cmake_args': None, 'cmake_clean_cache': False, 'cmake_clean_first': False, 'cmake_force_configure': False, 'cmake_target': None, 'cmake_target_skip_unavailable': False, 'install_base': '/home/luxifer/LearningRoom/navigation_ws/src/install/nav2_custom_planner', 'merge_install': False, 'path': '/home/luxifer/LearningRoom/navigation_ws/src/nav2_custom_planner', 'symlink_install': False, 'test_result_base': None}
[0.135s] Level 5:colcon.colcon_core.verb:set package 'auto_patrol_carbot' build argument 'cmake_args' from command line to 'None'
[0.135s] Level 5:colcon.colcon_core.verb:set package 'auto_patrol_carbot' build argument 'cmake_target' from command line to 'None'
[0.135s] Level 5:colcon.colcon_core.verb:set package 'auto_patrol_carbot' build argument 'cmake_target_skip_unavailable' from command line to 'False'
[0.135s] Level 5:colcon.colcon_core.verb:set package 'auto_patrol_carbot' build argument 'cmake_clean_cache' from command line to 'False'
[0.135s] Level 5:colcon.colcon_core.verb:set package 'auto_patrol_carbot' build argument 'cmake_clean_first' from command line to 'False'
[0.135s] Level 5:colcon.colcon_core.verb:set package 'auto_patrol_carbot' build argument 'cmake_force_configure' from command line to 'False'
[0.135s] Level 5:colcon.colcon_core.verb:set package 'auto_patrol_carbot' build argument 'ament_cmake_args' from command line to 'None'
[0.135s] Level 5:colcon.colcon_core.verb:set package 'auto_patrol_carbot' build argument 'catkin_cmake_args' from command line to 'None'
[0.135s] Level 5:colcon.colcon_core.verb:set package 'auto_patrol_carbot' build argument 'catkin_skip_building_tests' from command line to 'False'
[0.135s] DEBUG:colcon.colcon_core.verb:Building package 'auto_patrol_carbot' with the following arguments: {'ament_cmake_args': None, 'build_base': '/home/luxifer/LearningRoom/navigation_ws/src/build/auto_patrol_carbot', 'catkin_cmake_args': None, 'catkin_skip_building_tests': False, 'cmake_args': None, 'cmake_clean_cache': False, 'cmake_clean_first': False, 'cmake_force_configure': False, 'cmake_target': None, 'cmake_target_skip_unavailable': False, 'install_base': '/home/luxifer/LearningRoom/navigation_ws/src/install/auto_patrol_carbot', 'merge_install': False, 'path': '/home/luxifer/LearningRoom/navigation_ws/src/auto_patrol_carbot', 'symlink_install': False, 'test_result_base': None}
[0.135s] INFO:colcon.colcon_core.executor:Executing jobs using 'parallel' executor
[0.136s] DEBUG:colcon.colcon_parallel_executor.executor.parallel:run_until_complete
[0.136s] INFO:colcon.colcon_ros.task.ament_cmake.build:Building ROS package in '/home/luxifer/LearningRoom/navigation_ws/src/carbot_patrol_interfaces' with build type 'ament_cmake'
[0.136s] INFO:colcon.colcon_cmake.task.cmake.build:Building CMake package in '/home/luxifer/LearningRoom/navigation_ws/src/carbot_patrol_interfaces'
[0.137s] INFO:colcon.colcon_core.plugin_system:Skipping extension 'colcon_core.shell.bat': Not used on non-Windows systems
[0.138s] INFO:colcon.colcon_core.shell:Skip shell extension 'powershell' for command environment: Not usable outside of PowerShell
[0.138s] DEBUG:colcon.colcon_core.shell:Skip shell extension 'dsv' for command environment
[0.140s] INFO:colcon.colcon_ros.task.ament_python.build:Building ROS package in '/home/luxifer/LearningRoom/navigation_ws/src/carbot_application' with build type 'ament_python'
[0.140s] Level 1:colcon.colcon_core.shell:create_environment_hook('carbot_application', 'ament_prefix_path')
[0.140s] INFO:colcon.colcon_core.shell:Creating environment hook '/home/luxifer/LearningRoom/navigation_ws/src/install/carbot_application/share/carbot_application/hook/ament_prefix_path.ps1'
[0.141s] INFO:colcon.colcon_core.shell:Creating environment descriptor '/home/luxifer/LearningRoom/navigation_ws/src/install/carbot_application/share/carbot_application/hook/ament_prefix_path.dsv'
[0.141s] INFO:colcon.colcon_core.shell:Creating environment hook '/home/luxifer/LearningRoom/navigation_ws/src/install/carbot_application/share/carbot_application/hook/ament_prefix_path.sh'
[0.141s] INFO:colcon.colcon_core.shell:Skip shell extension 'powershell' for command environment: Not usable outside of PowerShell
[0.141s] DEBUG:colcon.colcon_core.shell:Skip shell extension 'dsv' for command environment
[0.144s] INFO:colcon.colcon_ros.task.ament_cmake.build:Building ROS package in '/home/luxifer/LearningRoom/navigation_ws/src/carbot_navigation' with build type 'ament_cmake'
[0.144s] INFO:colcon.colcon_cmake.task.cmake.build:Building CMake package in '/home/luxifer/LearningRoom/navigation_ws/src/carbot_navigation'
[0.144s] INFO:colcon.colcon_core.shell:Skip shell extension 'powershell' for command environment: Not usable outside of PowerShell
[0.144s] DEBUG:colcon.colcon_core.shell:Skip shell extension 'dsv' for command environment
[0.147s] INFO:colcon.colcon_ros.task.ament_cmake.build:Building ROS package in '/home/luxifer/LearningRoom/navigation_ws/src/my_arm_description' with build type 'ament_cmake'
[0.147s] INFO:colcon.colcon_cmake.task.cmake.build:Building CMake package in '/home/luxifer/LearningRoom/navigation_ws/src/my_arm_description'
[0.148s] INFO:colcon.colcon_core.shell:Skip shell extension 'powershell' for command environment: Not usable outside of PowerShell
[0.148s] DEBUG:colcon.colcon_core.shell:Skip shell extension 'dsv' for command environment
[0.150s] INFO:colcon.colcon_ros.task.ament_cmake.build:Building ROS package in '/home/luxifer/LearningRoom/navigation_ws/src/nav2_custom_controller' with build type 'ament_cmake'
[0.150s] INFO:colcon.colcon_cmake.task.cmake.build:Building CMake package in '/home/luxifer/LearningRoom/navigation_ws/src/nav2_custom_controller'
[0.150s] INFO:colcon.colcon_core.shell:Skip shell extension 'powershell' for command environment: Not usable outside of PowerShell
[0.150s] DEBUG:colcon.colcon_core.shell:Skip shell extension 'dsv' for command environment
[0.152s] INFO:colcon.colcon_ros.task.ament_cmake.build:Building ROS package in '/home/luxifer/LearningRoom/navigation_ws/src/nav2_custom_planner' with build type 'ament_cmake'
[0.152s] INFO:colcon.colcon_cmake.task.cmake.build:Building CMake package in '/home/luxifer/LearningRoom/navigation_ws/src/nav2_custom_planner'
[0.153s] INFO:colcon.colcon_core.shell:Skip shell extension 'powershell' for command environment: Not usable outside of PowerShell
[0.153s] DEBUG:colcon.colcon_core.shell:Skip shell extension 'dsv' for command environment
[0.159s] DEBUG:colcon.colcon_core.event_handler.log_command:Invoking command in '/home/luxifer/LearningRoom/navigation_ws/src/build/carbot_patrol_interfaces': CMAKE_PREFIX_PATH=${CMAKE_PREFIX_PATH}:/home/luxifer/LearningRoom/navigation_ws/install/auto_patrol_carbot:/home/luxifer/LearningRoom/navigation_ws/install/carbot_application:/opt/ros/jazzy DEBUGINFOD_URLS=https://debuginfod.ubuntu.com /usr/bin/cmake /home/luxifer/LearningRoom/navigation_ws/src/carbot_patrol_interfaces -DCMAKE_INSTALL_PREFIX=/home/luxifer/LearningRoom/navigation_ws/src/install/carbot_patrol_interfaces
[0.281s] INFO:colcon.colcon_core.task.python.build:Building Python package in '/home/luxifer/LearningRoom/navigation_ws/src/carbot_application'
[0.282s] INFO:colcon.colcon_core.shell:Skip shell extension 'powershell' for command environment: Not usable outside of PowerShell
[0.282s] DEBUG:colcon.colcon_core.shell:Skip shell extension 'dsv' for command environment
[0.286s] DEBUG:colcon.colcon_core.event_handler.log_command:Invoking command in '/home/luxifer/LearningRoom/navigation_ws/src/build/carbot_navigation': CMAKE_PREFIX_PATH=${CMAKE_PREFIX_PATH}:/home/luxifer/LearningRoom/navigation_ws/install/auto_patrol_carbot:/home/luxifer/LearningRoom/navigation_ws/install/carbot_application:/opt/ros/jazzy DEBUGINFOD_URLS=https://debuginfod.ubuntu.com /usr/bin/cmake /home/luxifer/LearningRoom/navigation_ws/src/carbot_navigation -DCMAKE_INSTALL_PREFIX=/home/luxifer/LearningRoom/navigation_ws/src/install/carbot_navigation
[0.287s] DEBUG:colcon.colcon_core.event_handler.log_command:Invoking command in '/home/luxifer/LearningRoom/navigation_ws/src/build/my_arm_description': CMAKE_PREFIX_PATH=${CMAKE_PREFIX_PATH}:/home/luxifer/LearningRoom/navigation_ws/install/auto_patrol_carbot:/home/luxifer/LearningRoom/navigation_ws/install/carbot_application:/opt/ros/jazzy DEBUGINFOD_URLS=https://debuginfod.ubuntu.com /usr/bin/cmake /home/luxifer/LearningRoom/navigation_ws/src/my_arm_description -DCMAKE_INSTALL_PREFIX=/home/luxifer/LearningRoom/navigation_ws/src/install/my_arm_description
[0.290s] DEBUG:colcon.colcon_core.event_handler.log_command:Invoking command in '/home/luxifer/LearningRoom/navigation_ws/src/build/nav2_custom_controller': CMAKE_PREFIX_PATH=${CMAKE_PREFIX_PATH}:/home/luxifer/LearningRoom/navigation_ws/install/auto_patrol_carbot:/home/luxifer/LearningRoom/navigation_ws/install/carbot_application:/opt/ros/jazzy DEBUGINFOD_URLS=https://debuginfod.ubuntu.com /usr/bin/cmake /home/luxifer/LearningRoom/navigation_ws/src/nav2_custom_controller -DCMAKE_INSTALL_PREFIX=/home/luxifer/LearningRoom/navigation_ws/src/install/nav2_custom_controller
[0.293s] DEBUG:colcon.colcon_core.event_handler.log_command:Invoking command in '/home/luxifer/LearningRoom/navigation_ws/src/build/nav2_custom_planner': CMAKE_PREFIX_PATH=${CMAKE_PREFIX_PATH}:/home/luxifer/LearningRoom/navigation_ws/install/auto_patrol_carbot:/home/luxifer/LearningRoom/navigation_ws/install/carbot_application:/opt/ros/jazzy DEBUGINFOD_URLS=https://debuginfod.ubuntu.com /usr/bin/cmake /home/luxifer/LearningRoom/navigation_ws/src/nav2_custom_planner -DCMAKE_INSTALL_PREFIX=/home/luxifer/LearningRoom/navigation_ws/src/install/nav2_custom_planner
[0.785s] DEBUG:colcon.colcon_core.event_handler.log_command:Invoking command in '/home/luxifer/LearningRoom/navigation_ws/src/carbot_application': DEBUGINFOD_URLS=https://debuginfod.ubuntu.com PYTHONPATH=/home/luxifer/LearningRoom/navigation_ws/src/build/carbot_application/prefix_override:/usr/lib/python3/dist-packages/colcon_core/task/python/colcon_distutils_commands:/home/luxifer/LearningRoom/navigation_ws/src/install/carbot_application/lib/python3.12/site-packages:${PYTHONPATH} /usr/bin/python3 -W ignore:setup.py install is deprecated -W ignore:easy_install command is deprecated setup.py egg_info --egg-base ../build/carbot_application build --build-base /home/luxifer/LearningRoom/navigation_ws/src/build/carbot_application/build install --record /home/luxifer/LearningRoom/navigation_ws/src/build/carbot_application/install.log --single-version-externally-managed install_data
[0.998s] DEBUG:colcon.colcon_core.event_handler.log_command:Invoked command in '/home/luxifer/LearningRoom/navigation_ws/src/build/carbot_navigation' returned '0': CMAKE_PREFIX_PATH=${CMAKE_PREFIX_PATH}:/home/luxifer/LearningRoom/navigation_ws/install/auto_patrol_carbot:/home/luxifer/LearningRoom/navigation_ws/install/carbot_application:/opt/ros/jazzy DEBUGINFOD_URLS=https://debuginfod.ubuntu.com /usr/bin/cmake /home/luxifer/LearningRoom/navigation_ws/src/carbot_navigation -DCMAKE_INSTALL_PREFIX=/home/luxifer/LearningRoom/navigation_ws/src/install/carbot_navigation
[1.000s] DEBUG:colcon.colcon_core.event_handler.log_command:Invoking command in '/home/luxifer/LearningRoom/navigation_ws/src/build/carbot_navigation': CMAKE_PREFIX_PATH=${CMAKE_PREFIX_PATH}:/home/luxifer/LearningRoom/navigation_ws/install/auto_patrol_carbot:/home/luxifer/LearningRoom/navigation_ws/install/carbot_application:/opt/ros/jazzy DEBUGINFOD_URLS=https://debuginfod.ubuntu.com /usr/bin/cmake --build /home/luxifer/LearningRoom/navigation_ws/src/build/carbot_navigation -- -j8 -l8
[1.050s] DEBUG:colcon.colcon_core.event_handler.log_command:Invoked command in '/home/luxifer/LearningRoom/navigation_ws/src/build/carbot_navigation' returned '0': CMAKE_PREFIX_PATH=${CMAKE_PREFIX_PATH}:/home/luxifer/LearningRoom/navigation_ws/install/auto_patrol_carbot:/home/luxifer/LearningRoom/navigation_ws/install/carbot_application:/opt/ros/jazzy DEBUGINFOD_URLS=https://debuginfod.ubuntu.com /usr/bin/cmake --build /home/luxifer/LearningRoom/navigation_ws/src/build/carbot_navigation -- -j8 -l8
[1.063s] DEBUG:colcon.colcon_core.event_handler.log_command:Invoking command in '/home/luxifer/LearningRoom/navigation_ws/src/build/carbot_navigation': CMAKE_PREFIX_PATH=${CMAKE_PREFIX_PATH}:/home/luxifer/LearningRoom/navigation_ws/install/auto_patrol_carbot:/home/luxifer/LearningRoom/navigation_ws/install/carbot_application:/opt/ros/jazzy DEBUGINFOD_URLS=https://debuginfod.ubuntu.com /usr/bin/cmake --install /home/luxifer/LearningRoom/navigation_ws/src/build/carbot_navigation
[1.076s] DEBUG:colcon.colcon_core.event_handler.log_command:Invoked command in '/home/luxifer/LearningRoom/navigation_ws/src/build/my_arm_description' returned '0': CMAKE_PREFIX_PATH=${CMAKE_PREFIX_PATH}:/home/luxifer/LearningRoom/navigation_ws/install/auto_patrol_carbot:/home/luxifer/LearningRoom/navigation_ws/install/carbot_application:/opt/ros/jazzy DEBUGINFOD_URLS=https://debuginfod.ubuntu.com /usr/bin/cmake /home/luxifer/LearningRoom/navigation_ws/src/my_arm_description -DCMAKE_INSTALL_PREFIX=/home/luxifer/LearningRoom/navigation_ws/src/install/my_arm_description
[1.077s] DEBUG:colcon.colcon_core.event_handler.log_command:Invoking command in '/home/luxifer/LearningRoom/navigation_ws/src/build/my_arm_description': CMAKE_PREFIX_PATH=${CMAKE_PREFIX_PATH}:/home/luxifer/LearningRoom/navigation_ws/install/auto_patrol_carbot:/home/luxifer/LearningRoom/navigation_ws/install/carbot_application:/opt/ros/jazzy DEBUGINFOD_URLS=https://debuginfod.ubuntu.com /usr/bin/cmake --build /home/luxifer/LearningRoom/navigation_ws/src/build/my_arm_description -- -j8 -l8
[1.077s] Level 1:colcon.colcon_core.environment:create_environment_scripts_only(carbot_navigation)
[1.079s] DEBUG:colcon.colcon_core.event_handler.log_command:Invoked command in '/home/luxifer/LearningRoom/navigation_ws/src/build/carbot_navigation' returned '0': CMAKE_PREFIX_PATH=${CMAKE_PREFIX_PATH}:/home/luxifer/LearningRoom/navigation_ws/install/auto_patrol_carbot:/home/luxifer/LearningRoom/navigation_ws/install/carbot_application:/opt/ros/jazzy DEBUGINFOD_URLS=https://debuginfod.ubuntu.com /usr/bin/cmake --install /home/luxifer/LearningRoom/navigation_ws/src/build/carbot_navigation
[1.080s] Level 1:colcon.colcon_core.environment:checking '/home/luxifer/LearningRoom/navigation_ws/src/install/carbot_navigation' for CMake module files
[1.081s] Level 1:colcon.colcon_core.environment:checking '/home/luxifer/LearningRoom/navigation_ws/src/install/carbot_navigation' for CMake config files
[1.081s] Level 1:colcon.colcon_core.shell:create_environment_hook('carbot_navigation', 'cmake_prefix_path')
[1.081s] INFO:colcon.colcon_core.shell:Creating environment hook '/home/luxifer/LearningRoom/navigation_ws/src/install/carbot_navigation/share/carbot_navigation/hook/cmake_prefix_path.ps1'
[1.081s] INFO:colcon.colcon_core.shell:Creating environment descriptor '/home/luxifer/LearningRoom/navigation_ws/src/install/carbot_navigation/share/carbot_navigation/hook/cmake_prefix_path.dsv'
[1.081s] INFO:colcon.colcon_core.shell:Creating environment hook '/home/luxifer/LearningRoom/navigation_ws/src/install/carbot_navigation/share/carbot_navigation/hook/cmake_prefix_path.sh'
[1.082s] Level 1:colcon.colcon_core.environment:checking '/home/luxifer/LearningRoom/navigation_ws/src/install/carbot_navigation/bin'
[1.082s] Level 1:colcon.colcon_core.environment:checking '/home/luxifer/LearningRoom/navigation_ws/src/install/carbot_navigation/lib/pkgconfig/carbot_navigation.pc'
[1.082s] Level 1:colcon.colcon_core.environment:checking '/home/luxifer/LearningRoom/navigation_ws/src/install/carbot_navigation/lib/python3.12/site-packages'
[1.082s] Level 1:colcon.colcon_core.environment:checking '/home/luxifer/LearningRoom/navigation_ws/src/install/carbot_navigation/bin'
[1.082s] INFO:colcon.colcon_core.shell:Creating package script '/home/luxifer/LearningRoom/navigation_ws/src/install/carbot_navigation/share/carbot_navigation/package.ps1'
[1.083s] INFO:colcon.colcon_core.shell:Creating package descriptor '/home/luxifer/LearningRoom/navigation_ws/src/install/carbot_navigation/share/carbot_navigation/package.dsv'
[1.083s] INFO:colcon.colcon_core.shell:Creating package script '/home/luxifer/LearningRoom/navigation_ws/src/install/carbot_navigation/share/carbot_navigation/package.sh'
[1.084s] INFO:colcon.colcon_core.shell:Creating package script '/home/luxifer/LearningRoom/navigation_ws/src/install/carbot_navigation/share/carbot_navigation/package.bash'
[1.084s] INFO:colcon.colcon_core.shell:Creating package script '/home/luxifer/LearningRoom/navigation_ws/src/install/carbot_navigation/share/carbot_navigation/package.zsh'
[1.085s] Level 1:colcon.colcon_core.environment:create_file_with_runtime_dependencies(/home/luxifer/LearningRoom/navigation_ws/src/install/carbot_navigation/share/colcon-core/packages/carbot_navigation)
[1.085s] Level 1:colcon.colcon_core.environment:create_environment_scripts_only(carbot_navigation)
[1.085s] Level 1:colcon.colcon_core.environment:checking '/home/luxifer/LearningRoom/navigation_ws/src/install/carbot_navigation' for CMake module files
[1.085s] Level 1:colcon.colcon_core.environment:checking '/home/luxifer/LearningRoom/navigation_ws/src/install/carbot_navigation' for CMake config files
[1.085s] Level 1:colcon.colcon_core.shell:create_environment_hook('carbot_navigation', 'cmake_prefix_path')
[1.085s] INFO:colcon.colcon_core.shell:Creating environment hook '/home/luxifer/LearningRoom/navigation_ws/src/install/carbot_navigation/share/carbot_navigation/hook/cmake_prefix_path.ps1'
[1.086s] INFO:colcon.colcon_core.shell:Creating environment descriptor '/home/luxifer/LearningRoom/navigation_ws/src/install/carbot_navigation/share/carbot_navigation/hook/cmake_prefix_path.dsv'
[1.086s] INFO:colcon.colcon_core.shell:Creating environment hook '/home/luxifer/LearningRoom/navigation_ws/src/install/carbot_navigation/share/carbot_navigation/hook/cmake_prefix_path.sh'
[1.086s] Level 1:colcon.colcon_core.environment:checking '/home/luxifer/LearningRoom/navigation_ws/src/install/carbot_navigation/bin'
[1.086s] Level 1:colcon.colcon_core.environment:checking '/home/luxifer/LearningRoom/navigation_ws/src/install/carbot_navigation/lib/pkgconfig/carbot_navigation.pc'
[1.086s] Level 1:colcon.colcon_core.environment:checking '/home/luxifer/LearningRoom/navigation_ws/src/install/carbot_navigation/lib/python3.12/site-packages'
[1.087s] Level 1:colcon.colcon_core.environment:checking '/home/luxifer/LearningRoom/navigation_ws/src/install/carbot_navigation/bin'
[1.087s] INFO:colcon.colcon_core.shell:Creating package script '/home/luxifer/LearningRoom/navigation_ws/src/install/carbot_navigation/share/carbot_navigation/package.ps1'
[1.087s] INFO:colcon.colcon_core.shell:Creating package descriptor '/home/luxifer/LearningRoom/navigation_ws/src/install/carbot_navigation/share/carbot_navigation/package.dsv'
[1.088s] INFO:colcon.colcon_core.shell:Creating package script '/home/luxifer/LearningRoom/navigation_ws/src/install/carbot_navigation/share/carbot_navigation/package.sh'
[1.088s] INFO:colcon.colcon_core.shell:Creating package script '/home/luxifer/LearningRoom/navigation_ws/src/install/carbot_navigation/share/carbot_navigation/package.bash'
[1.089s] INFO:colcon.colcon_core.shell:Creating package script '/home/luxifer/LearningRoom/navigation_ws/src/install/carbot_navigation/share/carbot_navigation/package.zsh'
[1.089s] Level 1:colcon.colcon_core.environment:create_file_with_runtime_dependencies(/home/luxifer/LearningRoom/navigation_ws/src/install/carbot_navigation/share/colcon-core/packages/carbot_navigation)
[1.119s] DEBUG:colcon.colcon_core.event_handler.log_command:Invoked command in '/home/luxifer/LearningRoom/navigation_ws/src/build/my_arm_description' returned '0': CMAKE_PREFIX_PATH=${CMAKE_PREFIX_PATH}:/home/luxifer/LearningRoom/navigation_ws/install/auto_patrol_carbot:/home/luxifer/LearningRoom/navigation_ws/install/carbot_application:/opt/ros/jazzy DEBUGINFOD_URLS=https://debuginfod.ubuntu.com /usr/bin/cmake --build /home/luxifer/LearningRoom/navigation_ws/src/build/my_arm_description -- -j8 -l8
[1.121s] DEBUG:colcon.colcon_core.event_handler.log_command:Invoking command in '/home/luxifer/LearningRoom/navigation_ws/src/build/my_arm_description': CMAKE_PREFIX_PATH=${CMAKE_PREFIX_PATH}:/home/luxifer/LearningRoom/navigation_ws/install/auto_patrol_carbot:/home/luxifer/LearningRoom/navigation_ws/install/carbot_application:/opt/ros/jazzy DEBUGINFOD_URLS=https://debuginfod.ubuntu.com /usr/bin/cmake --install /home/luxifer/LearningRoom/navigation_ws/src/build/my_arm_description
[1.139s] Level 1:colcon.colcon_core.environment:create_environment_scripts_only(my_arm_description)
[1.139s] Level 1:colcon.colcon_core.environment:checking '/home/luxifer/LearningRoom/navigation_ws/src/install/my_arm_description' for CMake module files
[1.139s] DEBUG:colcon.colcon_core.event_handler.log_command:Invoked command in '/home/luxifer/LearningRoom/navigation_ws/src/build/my_arm_description' returned '0': CMAKE_PREFIX_PATH=${CMAKE_PREFIX_PATH}:/home/luxifer/LearningRoom/navigation_ws/install/auto_patrol_carbot:/home/luxifer/LearningRoom/navigation_ws/install/carbot_application:/opt/ros/jazzy DEBUGINFOD_URLS=https://debuginfod.ubuntu.com /usr/bin/cmake --install /home/luxifer/LearningRoom/navigation_ws/src/build/my_arm_description
[1.140s] Level 1:colcon.colcon_core.environment:checking '/home/luxifer/LearningRoom/navigation_ws/src/install/my_arm_description' for CMake config files
[1.140s] Level 1:colcon.colcon_core.shell:create_environment_hook('my_arm_description', 'cmake_prefix_path')
[1.140s] INFO:colcon.colcon_core.shell:Creating environment hook '/home/luxifer/LearningRoom/navigation_ws/src/install/my_arm_description/share/my_arm_description/hook/cmake_prefix_path.ps1'
[1.141s] INFO:colcon.colcon_core.shell:Creating environment descriptor '/home/luxifer/LearningRoom/navigation_ws/src/install/my_arm_description/share/my_arm_description/hook/cmake_prefix_path.dsv'
[1.141s] INFO:colcon.colcon_core.shell:Creating environment hook '/home/luxifer/LearningRoom/navigation_ws/src/install/my_arm_description/share/my_arm_description/hook/cmake_prefix_path.sh'
[1.141s] Level 1:colcon.colcon_core.environment:checking '/home/luxifer/LearningRoom/navigation_ws/src/install/my_arm_description/bin'
[1.141s] Level 1:colcon.colcon_core.environment:checking '/home/luxifer/LearningRoom/navigation_ws/src/install/my_arm_description/lib/pkgconfig/my_arm_description.pc'
[1.141s] Level 1:colcon.colcon_core.environment:checking '/home/luxifer/LearningRoom/navigation_ws/src/install/my_arm_description/lib/python3.12/site-packages'
[1.141s] Level 1:colcon.colcon_core.environment:checking '/home/luxifer/LearningRoom/navigation_ws/src/install/my_arm_description/bin'
[1.141s] INFO:colcon.colcon_core.shell:Creating package script '/home/luxifer/LearningRoom/navigation_ws/src/install/my_arm_description/share/my_arm_description/package.ps1'
[1.142s] INFO:colcon.colcon_core.shell:Creating package descriptor '/home/luxifer/LearningRoom/navigation_ws/src/install/my_arm_description/share/my_arm_description/package.dsv'
[1.142s] INFO:colcon.colcon_core.shell:Creating package script '/home/luxifer/LearningRoom/navigation_ws/src/install/my_arm_description/share/my_arm_description/package.sh'
[1.142s] INFO:colcon.colcon_core.shell:Creating package script '/home/luxifer/LearningRoom/navigation_ws/src/install/my_arm_description/share/my_arm_description/package.bash'
[1.142s] INFO:colcon.colcon_core.shell:Creating package script '/home/luxifer/LearningRoom/navigation_ws/src/install/my_arm_description/share/my_arm_description/package.zsh'
[1.143s] Level 1:colcon.colcon_core.environment:create_file_with_runtime_dependencies(/home/luxifer/LearningRoom/navigation_ws/src/install/my_arm_description/share/colcon-core/packages/my_arm_description)
[1.144s] Level 1:colcon.colcon_core.environment:create_environment_scripts_only(my_arm_description)
[1.144s] Level 1:colcon.colcon_core.environment:checking '/home/luxifer/LearningRoom/navigation_ws/src/install/my_arm_description' for CMake module files
[1.145s] Level 1:colcon.colcon_core.environment:checking '/home/luxifer/LearningRoom/navigation_ws/src/install/my_arm_description' for CMake config files
[1.145s] Level 1:colcon.colcon_core.shell:create_environment_hook('my_arm_description', 'cmake_prefix_path')
[1.145s] INFO:colcon.colcon_core.shell:Creating environment hook '/home/luxifer/LearningRoom/navigation_ws/src/install/my_arm_description/share/my_arm_description/hook/cmake_prefix_path.ps1'
[1.146s] INFO:colcon.colcon_core.shell:Creating environment descriptor '/home/luxifer/LearningRoom/navigation_ws/src/install/my_arm_description/share/my_arm_description/hook/cmake_prefix_path.dsv'
[1.146s] INFO:colcon.colcon_core.shell:Creating environment hook '/home/luxifer/LearningRoom/navigation_ws/src/install/my_arm_description/share/my_arm_description/hook/cmake_prefix_path.sh'
[1.146s] Level 1:colcon.colcon_core.environment:checking '/home/luxifer/LearningRoom/navigation_ws/src/install/my_arm_description/bin'
[1.146s] Level 1:colcon.colcon_core.environment:checking '/home/luxifer/LearningRoom/navigation_ws/src/install/my_arm_description/lib/pkgconfig/my_arm_description.pc'
[1.146s] Level 1:colcon.colcon_core.environment:checking '/home/luxifer/LearningRoom/navigation_ws/src/install/my_arm_description/lib/python3.12/site-packages'
[1.147s] Level 1:colcon.colcon_core.environment:checking '/home/luxifer/LearningRoom/navigation_ws/src/install/my_arm_description/bin'
[1.147s] INFO:colcon.colcon_core.shell:Creating package script '/home/luxifer/LearningRoom/navigation_ws/src/install/my_arm_description/share/my_arm_description/package.ps1'
[1.147s] INFO:colcon.colcon_core.shell:Creating package descriptor '/home/luxifer/LearningRoom/navigation_ws/src/install/my_arm_description/share/my_arm_description/package.dsv'
[1.147s] INFO:colcon.colcon_core.shell:Creating package script '/home/luxifer/LearningRoom/navigation_ws/src/install/my_arm_description/share/my_arm_description/package.sh'
[1.148s] INFO:colcon.colcon_core.shell:Creating package script '/home/luxifer/LearningRoom/navigation_ws/src/install/my_arm_description/share/my_arm_description/package.bash'
[1.148s] INFO:colcon.colcon_core.shell:Creating package script '/home/luxifer/LearningRoom/navigation_ws/src/install/my_arm_description/share/my_arm_description/package.zsh'
[1.148s] Level 1:colcon.colcon_core.environment:create_file_with_runtime_dependencies(/home/luxifer/LearningRoom/navigation_ws/src/install/my_arm_description/share/colcon-core/packages/my_arm_description)
[1.175s] Level 1:colcon.colcon_core.environment:checking '/home/luxifer/LearningRoom/navigation_ws/src/install/carbot_application' for CMake module files
[1.176s] Level 1:colcon.colcon_core.environment:checking '/home/luxifer/LearningRoom/navigation_ws/src/install/carbot_application' for CMake config files
[1.176s] DEBUG:colcon.colcon_core.event_handler.log_command:Invoked command in '/home/luxifer/LearningRoom/navigation_ws/src/carbot_application' returned '0': DEBUGINFOD_URLS=https://debuginfod.ubuntu.com PYTHONPATH=/home/luxifer/LearningRoom/navigation_ws/src/build/carbot_application/prefix_override:/usr/lib/python3/dist-packages/colcon_core/task/python/colcon_distutils_commands:/home/luxifer/LearningRoom/navigation_ws/src/install/carbot_application/lib/python3.12/site-packages:${PYTHONPATH} /usr/bin/python3 -W ignore:setup.py install is deprecated -W ignore:easy_install command is deprecated setup.py egg_info --egg-base ../build/carbot_application build --build-base /home/luxifer/LearningRoom/navigation_ws/src/build/carbot_application/build install --record /home/luxifer/LearningRoom/navigation_ws/src/build/carbot_application/install.log --single-version-externally-managed install_data
[1.176s] Level 1:colcon.colcon_core.environment:checking '/home/luxifer/LearningRoom/navigation_ws/src/install/carbot_application/lib'
[1.176s] Level 1:colcon.colcon_core.environment:checking '/home/luxifer/LearningRoom/navigation_ws/src/install/carbot_application/bin'
[1.176s] Level 1:colcon.colcon_core.environment:checking '/home/luxifer/LearningRoom/navigation_ws/src/install/carbot_application/lib/pkgconfig/carbot_application.pc'
[1.176s] Level 1:colcon.colcon_core.environment:checking '/home/luxifer/LearningRoom/navigation_ws/src/install/carbot_application/lib/python3.12/site-packages'
[1.177s] Level 1:colcon.colcon_core.shell:create_environment_hook('carbot_application', 'pythonpath')
[1.177s] INFO:colcon.colcon_core.shell:Creating environment hook '/home/luxifer/LearningRoom/navigation_ws/src/install/carbot_application/share/carbot_application/hook/pythonpath.ps1'
[1.177s] INFO:colcon.colcon_core.shell:Creating environment descriptor '/home/luxifer/LearningRoom/navigation_ws/src/install/carbot_application/share/carbot_application/hook/pythonpath.dsv'
[1.177s] INFO:colcon.colcon_core.shell:Creating environment hook '/home/luxifer/LearningRoom/navigation_ws/src/install/carbot_application/share/carbot_application/hook/pythonpath.sh'
[1.178s] Level 1:colcon.colcon_core.environment:checking '/home/luxifer/LearningRoom/navigation_ws/src/install/carbot_application/bin'
[1.178s] Level 1:colcon.colcon_core.environment:create_environment_scripts_only(carbot_application)
[1.178s] INFO:colcon.colcon_core.shell:Creating package script '/home/luxifer/LearningRoom/navigation_ws/src/install/carbot_application/share/carbot_application/package.ps1'
[1.178s] INFO:colcon.colcon_core.shell:Creating package descriptor '/home/luxifer/LearningRoom/navigation_ws/src/install/carbot_application/share/carbot_application/package.dsv'
[1.179s] INFO:colcon.colcon_core.shell:Creating package script '/home/luxifer/LearningRoom/navigation_ws/src/install/carbot_application/share/carbot_application/package.sh'
[1.179s] INFO:colcon.colcon_core.shell:Creating package script '/home/luxifer/LearningRoom/navigation_ws/src/install/carbot_application/share/carbot_application/package.bash'
[1.179s] INFO:colcon.colcon_core.shell:Creating package script '/home/luxifer/LearningRoom/navigation_ws/src/install/carbot_application/share/carbot_application/package.zsh'
[1.179s] Level 1:colcon.colcon_core.environment:create_file_with_runtime_dependencies(/home/luxifer/LearningRoom/navigation_ws/src/install/carbot_application/share/colcon-core/packages/carbot_application)
[2.131s] DEBUG:colcon.colcon_core.event_handler.log_command:Invoked command in '/home/luxifer/LearningRoom/navigation_ws/src/build/nav2_custom_controller' returned '0': CMAKE_PREFIX_PATH=${CMAKE_PREFIX_PATH}:/home/luxifer/LearningRoom/navigation_ws/install/auto_patrol_carbot:/home/luxifer/LearningRoom/navigation_ws/install/carbot_application:/opt/ros/jazzy DEBUGINFOD_URLS=https://debuginfod.ubuntu.com /usr/bin/cmake /home/luxifer/LearningRoom/navigation_ws/src/nav2_custom_controller -DCMAKE_INSTALL_PREFIX=/home/luxifer/LearningRoom/navigation_ws/src/install/nav2_custom_controller
[2.132s] DEBUG:colcon.colcon_core.event_handler.log_command:Invoking command in '/home/luxifer/LearningRoom/navigation_ws/src/build/nav2_custom_controller': CMAKE_PREFIX_PATH=${CMAKE_PREFIX_PATH}:/home/luxifer/LearningRoom/navigation_ws/install/auto_patrol_carbot:/home/luxifer/LearningRoom/navigation_ws/install/carbot_application:/opt/ros/jazzy DEBUGINFOD_URLS=https://debuginfod.ubuntu.com /usr/bin/cmake --build /home/luxifer/LearningRoom/navigation_ws/src/build/nav2_custom_controller -- -j8 -l8
[2.171s] DEBUG:colcon.colcon_core.event_handler.log_command:Invoked command in '/home/luxifer/LearningRoom/navigation_ws/src/build/nav2_custom_controller' returned '0': CMAKE_PREFIX_PATH=${CMAKE_PREFIX_PATH}:/home/luxifer/LearningRoom/navigation_ws/install/auto_patrol_carbot:/home/luxifer/LearningRoom/navigation_ws/install/carbot_application:/opt/ros/jazzy DEBUGINFOD_URLS=https://debuginfod.ubuntu.com /usr/bin/cmake --build /home/luxifer/LearningRoom/navigation_ws/src/build/nav2_custom_controller -- -j8 -l8
[2.173s] DEBUG:colcon.colcon_core.event_handler.log_command:Invoking command in '/home/luxifer/LearningRoom/navigation_ws/src/build/nav2_custom_controller': CMAKE_PREFIX_PATH=${CMAKE_PREFIX_PATH}:/home/luxifer/LearningRoom/navigation_ws/install/auto_patrol_carbot:/home/luxifer/LearningRoom/navigation_ws/install/carbot_application:/opt/ros/jazzy DEBUGINFOD_URLS=https://debuginfod.ubuntu.com /usr/bin/cmake --install /home/luxifer/LearningRoom/navigation_ws/src/build/nav2_custom_controller
[2.184s] Level 1:colcon.colcon_core.environment:create_environment_scripts_only(nav2_custom_controller)
[2.184s] Level 1:colcon.colcon_core.environment:checking '/home/luxifer/LearningRoom/navigation_ws/src/install/nav2_custom_controller' for CMake module files
[2.185s] DEBUG:colcon.colcon_core.event_handler.log_command:Invoked command in '/home/luxifer/LearningRoom/navigation_ws/src/build/nav2_custom_controller' returned '0': CMAKE_PREFIX_PATH=${CMAKE_PREFIX_PATH}:/home/luxifer/LearningRoom/navigation_ws/install/auto_patrol_carbot:/home/luxifer/LearningRoom/navigation_ws/install/carbot_application:/opt/ros/jazzy DEBUGINFOD_URLS=https://debuginfod.ubuntu.com /usr/bin/cmake --install /home/luxifer/LearningRoom/navigation_ws/src/build/nav2_custom_controller
[2.185s] Level 1:colcon.colcon_core.environment:checking '/home/luxifer/LearningRoom/navigation_ws/src/install/nav2_custom_controller' for CMake config files
[2.185s] Level 1:colcon.colcon_core.shell:create_environment_hook('nav2_custom_controller', 'cmake_prefix_path')
[2.186s] INFO:colcon.colcon_core.shell:Creating environment hook '/home/luxifer/LearningRoom/navigation_ws/src/install/nav2_custom_controller/share/nav2_custom_controller/hook/cmake_prefix_path.ps1'
[2.186s] INFO:colcon.colcon_core.shell:Creating environment descriptor '/home/luxifer/LearningRoom/navigation_ws/src/install/nav2_custom_controller/share/nav2_custom_controller/hook/cmake_prefix_path.dsv'
[2.186s] INFO:colcon.colcon_core.shell:Creating environment hook '/home/luxifer/LearningRoom/navigation_ws/src/install/nav2_custom_controller/share/nav2_custom_controller/hook/cmake_prefix_path.sh'
[2.186s] Level 1:colcon.colcon_core.environment:checking '/home/luxifer/LearningRoom/navigation_ws/src/install/nav2_custom_controller/bin'
[2.186s] Level 1:colcon.colcon_core.environment:checking '/home/luxifer/LearningRoom/navigation_ws/src/install/nav2_custom_controller/lib/pkgconfig/nav2_custom_controller.pc'
[2.187s] Level 1:colcon.colcon_core.environment:checking '/home/luxifer/LearningRoom/navigation_ws/src/install/nav2_custom_controller/lib/python3.12/site-packages'
[2.187s] Level 1:colcon.colcon_core.environment:checking '/home/luxifer/LearningRoom/navigation_ws/src/install/nav2_custom_controller/bin'
[2.187s] INFO:colcon.colcon_core.shell:Creating package script '/home/luxifer/LearningRoom/navigation_ws/src/install/nav2_custom_controller/share/nav2_custom_controller/package.ps1'
[2.187s] INFO:colcon.colcon_core.shell:Creating package descriptor '/home/luxifer/LearningRoom/navigation_ws/src/install/nav2_custom_controller/share/nav2_custom_controller/package.dsv'
[2.188s] INFO:colcon.colcon_core.shell:Creating package script '/home/luxifer/LearningRoom/navigation_ws/src/install/nav2_custom_controller/share/nav2_custom_controller/package.sh'
[2.188s] INFO:colcon.colcon_core.shell:Creating package script '/home/luxifer/LearningRoom/navigation_ws/src/install/nav2_custom_controller/share/nav2_custom_controller/package.bash'
[2.188s] INFO:colcon.colcon_core.shell:Creating package script '/home/luxifer/LearningRoom/navigation_ws/src/install/nav2_custom_controller/share/nav2_custom_controller/package.zsh'
[2.188s] Level 1:colcon.colcon_core.environment:create_file_with_runtime_dependencies(/home/luxifer/LearningRoom/navigation_ws/src/install/nav2_custom_controller/share/colcon-core/packages/nav2_custom_controller)
[2.189s] Level 1:colcon.colcon_core.environment:create_environment_scripts_only(nav2_custom_controller)
[2.189s] Level 1:colcon.colcon_core.environment:checking '/home/luxifer/LearningRoom/navigation_ws/src/install/nav2_custom_controller' for CMake module files
[2.189s] Level 1:colcon.colcon_core.environment:checking '/home/luxifer/LearningRoom/navigation_ws/src/install/nav2_custom_controller' for CMake config files
[2.189s] Level 1:colcon.colcon_core.shell:create_environment_hook('nav2_custom_controller', 'cmake_prefix_path')
[2.189s] INFO:colcon.colcon_core.shell:Creating environment hook '/home/luxifer/LearningRoom/navigation_ws/src/install/nav2_custom_controller/share/nav2_custom_controller/hook/cmake_prefix_path.ps1'
[2.189s] INFO:colcon.colcon_core.shell:Creating environment descriptor '/home/luxifer/LearningRoom/navigation_ws/src/install/nav2_custom_controller/share/nav2_custom_controller/hook/cmake_prefix_path.dsv'
[2.190s] INFO:colcon.colcon_core.shell:Creating environment hook '/home/luxifer/LearningRoom/navigation_ws/src/install/nav2_custom_controller/share/nav2_custom_controller/hook/cmake_prefix_path.sh'
[2.190s] Level 1:colcon.colcon_core.environment:checking '/home/luxifer/LearningRoom/navigation_ws/src/install/nav2_custom_controller/bin'
[2.190s] Level 1:colcon.colcon_core.environment:checking '/home/luxifer/LearningRoom/navigation_ws/src/install/nav2_custom_controller/lib/pkgconfig/nav2_custom_controller.pc'
[2.190s] Level 1:colcon.colcon_core.environment:checking '/home/luxifer/LearningRoom/navigation_ws/src/install/nav2_custom_controller/lib/python3.12/site-packages'
[2.190s] Level 1:colcon.colcon_core.environment:checking '/home/luxifer/LearningRoom/navigation_ws/src/install/nav2_custom_controller/bin'
[2.190s] INFO:colcon.colcon_core.shell:Creating package script '/home/luxifer/LearningRoom/navigation_ws/src/install/nav2_custom_controller/share/nav2_custom_controller/package.ps1'
[2.191s] INFO:colcon.colcon_core.shell:Creating package descriptor '/home/luxifer/LearningRoom/navigation_ws/src/install/nav2_custom_controller/share/nav2_custom_controller/package.dsv'
[2.191s] INFO:colcon.colcon_core.shell:Creating package script '/home/luxifer/LearningRoom/navigation_ws/src/install/nav2_custom_controller/share/nav2_custom_controller/package.sh'
[2.191s] INFO:colcon.colcon_core.shell:Creating package script '/home/luxifer/LearningRoom/navigation_ws/src/install/nav2_custom_controller/share/nav2_custom_controller/package.bash'
[2.191s] INFO:colcon.colcon_core.shell:Creating package script '/home/luxifer/LearningRoom/navigation_ws/src/install/nav2_custom_controller/share/nav2_custom_controller/package.zsh'
[2.192s] Level 1:colcon.colcon_core.environment:create_file_with_runtime_dependencies(/home/luxifer/LearningRoom/navigation_ws/src/install/nav2_custom_controller/share/colcon-core/packages/nav2_custom_controller)
[2.300s] DEBUG:colcon.colcon_core.event_handler.log_command:Invoked command in '/home/luxifer/LearningRoom/navigation_ws/src/build/nav2_custom_planner' returned '0': CMAKE_PREFIX_PATH=${CMAKE_PREFIX_PATH}:/home/luxifer/LearningRoom/navigation_ws/install/auto_patrol_carbot:/home/luxifer/LearningRoom/navigation_ws/install/carbot_application:/opt/ros/jazzy DEBUGINFOD_URLS=https://debuginfod.ubuntu.com /usr/bin/cmake /home/luxifer/LearningRoom/navigation_ws/src/nav2_custom_planner -DCMAKE_INSTALL_PREFIX=/home/luxifer/LearningRoom/navigation_ws/src/install/nav2_custom_planner
[2.301s] DEBUG:colcon.colcon_core.event_handler.log_command:Invoking command in '/home/luxifer/LearningRoom/navigation_ws/src/build/nav2_custom_planner': CMAKE_PREFIX_PATH=${CMAKE_PREFIX_PATH}:/home/luxifer/LearningRoom/navigation_ws/install/auto_patrol_carbot:/home/luxifer/LearningRoom/navigation_ws/install/carbot_application:/opt/ros/jazzy DEBUGINFOD_URLS=https://debuginfod.ubuntu.com /usr/bin/cmake --build /home/luxifer/LearningRoom/navigation_ws/src/build/nav2_custom_planner -- -j8 -l8
[2.685s] DEBUG:colcon.colcon_core.event_handler.log_command:Invoked command in '/home/luxifer/LearningRoom/navigation_ws/src/build/carbot_patrol_interfaces' returned '0': CMAKE_PREFIX_PATH=${CMAKE_PREFIX_PATH}:/home/luxifer/LearningRoom/navigation_ws/install/auto_patrol_carbot:/home/luxifer/LearningRoom/navigation_ws/install/carbot_application:/opt/ros/jazzy DEBUGINFOD_URLS=https://debuginfod.ubuntu.com /usr/bin/cmake /home/luxifer/LearningRoom/navigation_ws/src/carbot_patrol_interfaces -DCMAKE_INSTALL_PREFIX=/home/luxifer/LearningRoom/navigation_ws/src/install/carbot_patrol_interfaces
[2.686s] DEBUG:colcon.colcon_core.event_handler.log_command:Invoking command in '/home/luxifer/LearningRoom/navigation_ws/src/build/carbot_patrol_interfaces': CMAKE_PREFIX_PATH=${CMAKE_PREFIX_PATH}:/home/luxifer/LearningRoom/navigation_ws/install/auto_patrol_carbot:/home/luxifer/LearningRoom/navigation_ws/install/carbot_application:/opt/ros/jazzy DEBUGINFOD_URLS=https://debuginfod.ubuntu.com /usr/bin/cmake --build /home/luxifer/LearningRoom/navigation_ws/src/build/carbot_patrol_interfaces -- -j8 -l8
[4.420s] DEBUG:colcon.colcon_core.event_handler.log_command:Invoked command in '/home/luxifer/LearningRoom/navigation_ws/src/build/carbot_patrol_interfaces' returned '0': CMAKE_PREFIX_PATH=${CMAKE_PREFIX_PATH}:/home/luxifer/LearningRoom/navigation_ws/install/auto_patrol_carbot:/home/luxifer/LearningRoom/navigation_ws/install/carbot_application:/opt/ros/jazzy DEBUGINFOD_URLS=https://debuginfod.ubuntu.com /usr/bin/cmake --build /home/luxifer/LearningRoom/navigation_ws/src/build/carbot_patrol_interfaces -- -j8 -l8
[4.420s] DEBUG:colcon.colcon_core.event_handler.log_command:Invoking command in '/home/luxifer/LearningRoom/navigation_ws/src/build/carbot_patrol_interfaces': CMAKE_PREFIX_PATH=${CMAKE_PREFIX_PATH}:/home/luxifer/LearningRoom/navigation_ws/install/auto_patrol_carbot:/home/luxifer/LearningRoom/navigation_ws/install/carbot_application:/opt/ros/jazzy DEBUGINFOD_URLS=https://debuginfod.ubuntu.com /usr/bin/cmake --install /home/luxifer/LearningRoom/navigation_ws/src/build/carbot_patrol_interfaces
[4.467s] Level 1:colcon.colcon_core.environment:create_environment_scripts_only(carbot_patrol_interfaces)
[4.467s] Level 1:colcon.colcon_core.environment:checking '/home/luxifer/LearningRoom/navigation_ws/src/install/carbot_patrol_interfaces' for CMake module files
[4.467s] DEBUG:colcon.colcon_core.event_handler.log_command:Invoked command in '/home/luxifer/LearningRoom/navigation_ws/src/build/carbot_patrol_interfaces' returned '0': CMAKE_PREFIX_PATH=${CMAKE_PREFIX_PATH}:/home/luxifer/LearningRoom/navigation_ws/install/auto_patrol_carbot:/home/luxifer/LearningRoom/navigation_ws/install/carbot_application:/opt/ros/jazzy DEBUGINFOD_URLS=https://debuginfod.ubuntu.com /usr/bin/cmake --install /home/luxifer/LearningRoom/navigation_ws/src/build/carbot_patrol_interfaces
[4.467s] Level 1:colcon.colcon_core.environment:checking '/home/luxifer/LearningRoom/navigation_ws/src/install/carbot_patrol_interfaces' for CMake config files
[4.468s] Level 1:colcon.colcon_core.shell:create_environment_hook('carbot_patrol_interfaces', 'cmake_prefix_path')
[4.468s] INFO:colcon.colcon_core.shell:Creating environment hook '/home/luxifer/LearningRoom/navigation_ws/src/install/carbot_patrol_interfaces/share/carbot_patrol_interfaces/hook/cmake_prefix_path.ps1'
[4.468s] INFO:colcon.colcon_core.shell:Creating environment descriptor '/home/luxifer/LearningRoom/navigation_ws/src/install/carbot_patrol_interfaces/share/carbot_patrol_interfaces/hook/cmake_prefix_path.dsv'
[4.468s] INFO:colcon.colcon_core.shell:Creating environment hook '/home/luxifer/LearningRoom/navigation_ws/src/install/carbot_patrol_interfaces/share/carbot_patrol_interfaces/hook/cmake_prefix_path.sh'
[4.468s] Level 1:colcon.colcon_core.environment:checking '/home/luxifer/LearningRoom/navigation_ws/src/install/carbot_patrol_interfaces/lib'
[4.468s] Level 1:colcon.colcon_core.shell:create_environment_hook('carbot_patrol_interfaces', 'ld_library_path_lib')
[4.468s] INFO:colcon.colcon_core.shell:Creating environment hook '/home/luxifer/LearningRoom/navigation_ws/src/install/carbot_patrol_interfaces/share/carbot_patrol_interfaces/hook/ld_library_path_lib.ps1'
[4.469s] INFO:colcon.colcon_core.shell:Creating environment descriptor '/home/luxifer/LearningRoom/navigation_ws/src/install/carbot_patrol_interfaces/share/carbot_patrol_interfaces/hook/ld_library_path_lib.dsv'
[4.469s] INFO:colcon.colcon_core.shell:Creating environment hook '/home/luxifer/LearningRoom/navigation_ws/src/install/carbot_patrol_interfaces/share/carbot_patrol_interfaces/hook/ld_library_path_lib.sh'
[4.469s] Level 1:colcon.colcon_core.environment:checking '/home/luxifer/LearningRoom/navigation_ws/src/install/carbot_patrol_interfaces/bin'
[4.469s] Level 1:colcon.colcon_core.environment:checking '/home/luxifer/LearningRoom/navigation_ws/src/install/carbot_patrol_interfaces/lib/pkgconfig/carbot_patrol_interfaces.pc'
[4.469s] Level 1:colcon.colcon_core.environment:checking '/home/luxifer/LearningRoom/navigation_ws/src/install/carbot_patrol_interfaces/lib/python3.12/site-packages'
[4.469s] Level 1:colcon.colcon_core.shell:create_environment_hook('carbot_patrol_interfaces', 'pythonpath')
[4.469s] INFO:colcon.colcon_core.shell:Creating environment hook '/home/luxifer/LearningRoom/navigation_ws/src/install/carbot_patrol_interfaces/share/carbot_patrol_interfaces/hook/pythonpath.ps1'
[4.469s] INFO:colcon.colcon_core.shell:Creating environment descriptor '/home/luxifer/LearningRoom/navigation_ws/src/install/carbot_patrol_interfaces/share/carbot_patrol_interfaces/hook/pythonpath.dsv'
[4.469s] INFO:colcon.colcon_core.shell:Creating environment hook '/home/luxifer/LearningRoom/navigation_ws/src/install/carbot_patrol_interfaces/share/carbot_patrol_interfaces/hook/pythonpath.sh'
[4.470s] Level 1:colcon.colcon_core.environment:checking '/home/luxifer/LearningRoom/navigation_ws/src/install/carbot_patrol_interfaces/bin'
[4.470s] INFO:colcon.colcon_core.shell:Creating package script '/home/luxifer/LearningRoom/navigation_ws/src/install/carbot_patrol_interfaces/share/carbot_patrol_interfaces/package.ps1'
[4.470s] INFO:colcon.colcon_core.shell:Creating package descriptor '/home/luxifer/LearningRoom/navigation_ws/src/install/carbot_patrol_interfaces/share/carbot_patrol_interfaces/package.dsv'
[4.470s] INFO:colcon.colcon_core.shell:Creating package script '/home/luxifer/LearningRoom/navigation_ws/src/install/carbot_patrol_interfaces/share/carbot_patrol_interfaces/package.sh'
[4.471s] INFO:colcon.colcon_core.shell:Creating package script '/home/luxifer/LearningRoom/navigation_ws/src/install/carbot_patrol_interfaces/share/carbot_patrol_interfaces/package.bash'
[4.471s] INFO:colcon.colcon_core.shell:Creating package script '/home/luxifer/LearningRoom/navigation_ws/src/install/carbot_patrol_interfaces/share/carbot_patrol_interfaces/package.zsh'
[4.471s] Level 1:colcon.colcon_core.environment:create_file_with_runtime_dependencies(/home/luxifer/LearningRoom/navigation_ws/src/install/carbot_patrol_interfaces/share/colcon-core/packages/carbot_patrol_interfaces)
[4.471s] Level 1:colcon.colcon_core.environment:create_environment_scripts_only(carbot_patrol_interfaces)
[4.472s] Level 1:colcon.colcon_core.environment:checking '/home/luxifer/LearningRoom/navigation_ws/src/install/carbot_patrol_interfaces' for CMake module files
[4.472s] Level 1:colcon.colcon_core.environment:checking '/home/luxifer/LearningRoom/navigation_ws/src/install/carbot_patrol_interfaces' for CMake config files
[4.472s] Level 1:colcon.colcon_core.shell:create_environment_hook('carbot_patrol_interfaces', 'cmake_prefix_path')
[4.472s] INFO:colcon.colcon_core.shell:Creating environment hook '/home/luxifer/LearningRoom/navigation_ws/src/install/carbot_patrol_interfaces/share/carbot_patrol_interfaces/hook/cmake_prefix_path.ps1'
[4.472s] INFO:colcon.colcon_core.shell:Creating environment descriptor '/home/luxifer/LearningRoom/navigation_ws/src/install/carbot_patrol_interfaces/share/carbot_patrol_interfaces/hook/cmake_prefix_path.dsv'
[4.473s] INFO:colcon.colcon_core.shell:Creating environment hook '/home/luxifer/LearningRoom/navigation_ws/src/install/carbot_patrol_interfaces/share/carbot_patrol_interfaces/hook/cmake_prefix_path.sh'
[4.473s] Level 1:colcon.colcon_core.environment:checking '/home/luxifer/LearningRoom/navigation_ws/src/install/carbot_patrol_interfaces/lib'
[4.473s] Level 1:colcon.colcon_core.shell:create_environment_hook('carbot_patrol_interfaces', 'ld_library_path_lib')
[4.473s] INFO:colcon.colcon_core.shell:Creating environment hook '/home/luxifer/LearningRoom/navigation_ws/src/install/carbot_patrol_interfaces/share/carbot_patrol_interfaces/hook/ld_library_path_lib.ps1'
[4.473s] INFO:colcon.colcon_core.shell:Creating environment descriptor '/home/luxifer/LearningRoom/navigation_ws/src/install/carbot_patrol_interfaces/share/carbot_patrol_interfaces/hook/ld_library_path_lib.dsv'
[4.474s] INFO:colcon.colcon_core.shell:Creating environment hook '/home/luxifer/LearningRoom/navigation_ws/src/install/carbot_patrol_interfaces/share/carbot_patrol_interfaces/hook/ld_library_path_lib.sh'
[4.474s] Level 1:colcon.colcon_core.environment:checking '/home/luxifer/LearningRoom/navigation_ws/src/install/carbot_patrol_interfaces/bin'
[4.474s] Level 1:colcon.colcon_core.environment:checking '/home/luxifer/LearningRoom/navigation_ws/src/install/carbot_patrol_interfaces/lib/pkgconfig/carbot_patrol_interfaces.pc'
[4.474s] Level 1:colcon.colcon_core.environment:checking '/home/luxifer/LearningRoom/navigation_ws/src/install/carbot_patrol_interfaces/lib/python3.12/site-packages'
[4.474s] Level 1:colcon.colcon_core.shell:create_environment_hook('carbot_patrol_interfaces', 'pythonpath')
[4.475s] INFO:colcon.colcon_core.shell:Creating environment hook '/home/luxifer/LearningRoom/navigation_ws/src/install/carbot_patrol_interfaces/share/carbot_patrol_interfaces/hook/pythonpath.ps1'
[4.475s] INFO:colcon.colcon_core.shell:Creating environment descriptor '/home/luxifer/LearningRoom/navigation_ws/src/install/carbot_patrol_interfaces/share/carbot_patrol_interfaces/hook/pythonpath.dsv'
[4.475s] INFO:colcon.colcon_core.shell:Creating environment hook '/home/luxifer/LearningRoom/navigation_ws/src/install/carbot_patrol_interfaces/share/carbot_patrol_interfaces/hook/pythonpath.sh'
[4.475s] Level 1:colcon.colcon_core.environment:checking '/home/luxifer/LearningRoom/navigation_ws/src/install/carbot_patrol_interfaces/bin'
[4.475s] INFO:colcon.colcon_core.shell:Creating package script '/home/luxifer/LearningRoom/navigation_ws/src/install/carbot_patrol_interfaces/share/carbot_patrol_interfaces/package.ps1'
[4.476s] INFO:colcon.colcon_core.shell:Creating package descriptor '/home/luxifer/LearningRoom/navigation_ws/src/install/carbot_patrol_interfaces/share/carbot_patrol_interfaces/package.dsv'
[4.476s] INFO:colcon.colcon_core.shell:Creating package script '/home/luxifer/LearningRoom/navigation_ws/src/install/carbot_patrol_interfaces/share/carbot_patrol_interfaces/package.sh'
[4.476s] INFO:colcon.colcon_core.shell:Creating package script '/home/luxifer/LearningRoom/navigation_ws/src/install/carbot_patrol_interfaces/share/carbot_patrol_interfaces/package.bash'
[4.477s] INFO:colcon.colcon_core.shell:Creating package script '/home/luxifer/LearningRoom/navigation_ws/src/install/carbot_patrol_interfaces/share/carbot_patrol_interfaces/package.zsh'
[4.477s] Level 1:colcon.colcon_core.environment:create_file_with_runtime_dependencies(/home/luxifer/LearningRoom/navigation_ws/src/install/carbot_patrol_interfaces/share/colcon-core/packages/carbot_patrol_interfaces)
[4.477s] INFO:colcon.colcon_ros.task.ament_python.build:Building ROS package in '/home/luxifer/LearningRoom/navigation_ws/src/auto_patrol_carbot' with build type 'ament_python'
[4.477s] Level 1:colcon.colcon_core.shell:create_environment_hook('auto_patrol_carbot', 'ament_prefix_path')
[4.477s] INFO:colcon.colcon_core.shell:Creating environment hook '/home/luxifer/LearningRoom/navigation_ws/src/install/auto_patrol_carbot/share/auto_patrol_carbot/hook/ament_prefix_path.ps1'
[4.478s] INFO:colcon.colcon_core.shell:Creating environment descriptor '/home/luxifer/LearningRoom/navigation_ws/src/install/auto_patrol_carbot/share/auto_patrol_carbot/hook/ament_prefix_path.dsv'
[4.478s] INFO:colcon.colcon_core.shell:Creating environment hook '/home/luxifer/LearningRoom/navigation_ws/src/install/auto_patrol_carbot/share/auto_patrol_carbot/hook/ament_prefix_path.sh'
[4.478s] INFO:colcon.colcon_core.shell:Skip shell extension 'powershell' for command environment: Not usable outside of PowerShell
[4.478s] DEBUG:colcon.colcon_core.shell:Skip shell extension 'dsv' for command environment
[4.616s] INFO:colcon.colcon_core.task.python.build:Building Python package in '/home/luxifer/LearningRoom/navigation_ws/src/auto_patrol_carbot'
[4.616s] INFO:colcon.colcon_core.shell:Skip shell extension 'powershell' for command environment: Not usable outside of PowerShell
[4.616s] DEBUG:colcon.colcon_core.shell:Skip shell extension 'dsv' for command environment
[4.918s] DEBUG:colcon.colcon_core.event_handler.log_command:Invoking command in '/home/luxifer/LearningRoom/navigation_ws/src/auto_patrol_carbot': AMENT_PREFIX_PATH=/home/luxifer/LearningRoom/navigation_ws/src/install/carbot_patrol_interfaces:${AMENT_PREFIX_PATH} CMAKE_PREFIX_PATH=/home/luxifer/LearningRoom/navigation_ws/src/install/carbot_patrol_interfaces:${CMAKE_PREFIX_PATH} DEBUGINFOD_URLS=https://debuginfod.ubuntu.com LD_LIBRARY_PATH=/home/luxifer/LearningRoom/navigation_ws/src/install/carbot_patrol_interfaces/lib:${LD_LIBRARY_PATH} PYTHONPATH=/home/luxifer/LearningRoom/navigation_ws/src/build/auto_patrol_carbot/prefix_override:/usr/lib/python3/dist-packages/colcon_core/task/python/colcon_distutils_commands:/home/luxifer/LearningRoom/navigation_ws/src/install/auto_patrol_carbot/lib/python3.12/site-packages:/home/luxifer/LearningRoom/navigation_ws/src/install/carbot_patrol_interfaces/lib/python3.12/site-packages:${PYTHONPATH} /usr/bin/python3 -W ignore:setup.py install is deprecated -W ignore:easy_install command is deprecated setup.py egg_info --egg-base ../build/auto_patrol_carbot build --build-base /home/luxifer/LearningRoom/navigation_ws/src/build/auto_patrol_carbot/build install --record /home/luxifer/LearningRoom/navigation_ws/src/build/auto_patrol_carbot/install.log --single-version-externally-managed install_data
[5.209s] Level 1:colcon.colcon_core.environment:checking '/home/luxifer/LearningRoom/navigation_ws/src/install/auto_patrol_carbot' for CMake module files
[5.209s] DEBUG:colcon.colcon_core.event_handler.log_command:Invoked command in '/home/luxifer/LearningRoom/navigation_ws/src/auto_patrol_carbot' returned '0': AMENT_PREFIX_PATH=/home/luxifer/LearningRoom/navigation_ws/src/install/carbot_patrol_interfaces:${AMENT_PREFIX_PATH} CMAKE_PREFIX_PATH=/home/luxifer/LearningRoom/navigation_ws/src/install/carbot_patrol_interfaces:${CMAKE_PREFIX_PATH} DEBUGINFOD_URLS=https://debuginfod.ubuntu.com LD_LIBRARY_PATH=/home/luxifer/LearningRoom/navigation_ws/src/install/carbot_patrol_interfaces/lib:${LD_LIBRARY_PATH} PYTHONPATH=/home/luxifer/LearningRoom/navigation_ws/src/build/auto_patrol_carbot/prefix_override:/usr/lib/python3/dist-packages/colcon_core/task/python/colcon_distutils_commands:/home/luxifer/LearningRoom/navigation_ws/src/install/auto_patrol_carbot/lib/python3.12/site-packages:/home/luxifer/LearningRoom/navigation_ws/src/install/carbot_patrol_interfaces/lib/python3.12/site-packages:${PYTHONPATH} /usr/bin/python3 -W ignore:setup.py install is deprecated -W ignore:easy_install command is deprecated setup.py egg_info --egg-base ../build/auto_patrol_carbot build --build-base /home/luxifer/LearningRoom/navigation_ws/src/build/auto_patrol_carbot/build install --record /home/luxifer/LearningRoom/navigation_ws/src/build/auto_patrol_carbot/install.log --single-version-externally-managed install_data
[5.210s] Level 1:colcon.colcon_core.environment:checking '/home/luxifer/LearningRoom/navigation_ws/src/install/auto_patrol_carbot' for CMake config files
[5.210s] Level 1:colcon.colcon_core.environment:checking '/home/luxifer/LearningRoom/navigation_ws/src/install/auto_patrol_carbot/lib'
[5.210s] Level 1:colcon.colcon_core.environment:checking '/home/luxifer/LearningRoom/navigation_ws/src/install/auto_patrol_carbot/bin'
[5.210s] Level 1:colcon.colcon_core.environment:checking '/home/luxifer/LearningRoom/navigation_ws/src/install/auto_patrol_carbot/lib/pkgconfig/auto_patrol_carbot.pc'
[5.210s] Level 1:colcon.colcon_core.environment:checking '/home/luxifer/LearningRoom/navigation_ws/src/install/auto_patrol_carbot/lib/python3.12/site-packages'
[5.210s] Level 1:colcon.colcon_core.shell:create_environment_hook('auto_patrol_carbot', 'pythonpath')
[5.211s] INFO:colcon.colcon_core.shell:Creating environment hook '/home/luxifer/LearningRoom/navigation_ws/src/install/auto_patrol_carbot/share/auto_patrol_carbot/hook/pythonpath.ps1'
[5.211s] INFO:colcon.colcon_core.shell:Creating environment descriptor '/home/luxifer/LearningRoom/navigation_ws/src/install/auto_patrol_carbot/share/auto_patrol_carbot/hook/pythonpath.dsv'
[5.211s] INFO:colcon.colcon_core.shell:Creating environment hook '/home/luxifer/LearningRoom/navigation_ws/src/install/auto_patrol_carbot/share/auto_patrol_carbot/hook/pythonpath.sh'
[5.211s] Level 1:colcon.colcon_core.environment:checking '/home/luxifer/LearningRoom/navigation_ws/src/install/auto_patrol_carbot/bin'
[5.212s] Level 1:colcon.colcon_core.environment:create_environment_scripts_only(auto_patrol_carbot)
[5.212s] INFO:colcon.colcon_core.shell:Creating package script '/home/luxifer/LearningRoom/navigation_ws/src/install/auto_patrol_carbot/share/auto_patrol_carbot/package.ps1'
[5.212s] INFO:colcon.colcon_core.shell:Creating package descriptor '/home/luxifer/LearningRoom/navigation_ws/src/install/auto_patrol_carbot/share/auto_patrol_carbot/package.dsv'
[5.212s] INFO:colcon.colcon_core.shell:Creating package script '/home/luxifer/LearningRoom/navigation_ws/src/install/auto_patrol_carbot/share/auto_patrol_carbot/package.sh'
[5.212s] INFO:colcon.colcon_core.shell:Creating package script '/home/luxifer/LearningRoom/navigation_ws/src/install/auto_patrol_carbot/share/auto_patrol_carbot/package.bash'
[5.212s] INFO:colcon.colcon_core.shell:Creating package script '/home/luxifer/LearningRoom/navigation_ws/src/install/auto_patrol_carbot/share/auto_patrol_carbot/package.zsh'
[5.212s] Level 1:colcon.colcon_core.environment:create_file_with_runtime_dependencies(/home/luxifer/LearningRoom/navigation_ws/src/install/auto_patrol_carbot/share/colcon-core/packages/auto_patrol_carbot)
[5.996s] DEBUG:colcon.colcon_core.event_handler.log_command:Invoked command in '/home/luxifer/LearningRoom/navigation_ws/src/build/nav2_custom_planner' returned '0': CMAKE_PREFIX_PATH=${CMAKE_PREFIX_PATH}:/home/luxifer/LearningRoom/navigation_ws/install/auto_patrol_carbot:/home/luxifer/LearningRoom/navigation_ws/install/carbot_application:/opt/ros/jazzy DEBUGINFOD_URLS=https://debuginfod.ubuntu.com /usr/bin/cmake --build /home/luxifer/LearningRoom/navigation_ws/src/build/nav2_custom_planner -- -j8 -l8
[5.996s] DEBUG:colcon.colcon_core.event_handler.log_command:Invoking command in '/home/luxifer/LearningRoom/navigation_ws/src/build/nav2_custom_planner': CMAKE_PREFIX_PATH=${CMAKE_PREFIX_PATH}:/home/luxifer/LearningRoom/navigation_ws/install/auto_patrol_carbot:/home/luxifer/LearningRoom/navigation_ws/install/carbot_application:/opt/ros/jazzy DEBUGINFOD_URLS=https://debuginfod.ubuntu.com /usr/bin/cmake --install /home/luxifer/LearningRoom/navigation_ws/src/build/nav2_custom_planner
[6.005s] Level 1:colcon.colcon_core.environment:create_environment_scripts_only(nav2_custom_planner)
[6.005s] Level 1:colcon.colcon_core.environment:checking '/home/luxifer/LearningRoom/navigation_ws/src/install/nav2_custom_planner' for CMake module files
[6.005s] DEBUG:colcon.colcon_core.event_handler.log_command:Invoked command in '/home/luxifer/LearningRoom/navigation_ws/src/build/nav2_custom_planner' returned '0': CMAKE_PREFIX_PATH=${CMAKE_PREFIX_PATH}:/home/luxifer/LearningRoom/navigation_ws/install/auto_patrol_carbot:/home/luxifer/LearningRoom/navigation_ws/install/carbot_application:/opt/ros/jazzy DEBUGINFOD_URLS=https://debuginfod.ubuntu.com /usr/bin/cmake --install /home/luxifer/LearningRoom/navigation_ws/src/build/nav2_custom_planner
[6.005s] Level 1:colcon.colcon_core.environment:checking '/home/luxifer/LearningRoom/navigation_ws/src/install/nav2_custom_planner' for CMake config files
[6.005s] Level 1:colcon.colcon_core.shell:create_environment_hook('nav2_custom_planner', 'cmake_prefix_path')
[6.005s] INFO:colcon.colcon_core.shell:Creating environment hook '/home/luxifer/LearningRoom/navigation_ws/src/install/nav2_custom_planner/share/nav2_custom_planner/hook/cmake_prefix_path.ps1'
[6.006s] INFO:colcon.colcon_core.shell:Creating environment descriptor '/home/luxifer/LearningRoom/navigation_ws/src/install/nav2_custom_planner/share/nav2_custom_planner/hook/cmake_prefix_path.dsv'
[6.006s] INFO:colcon.colcon_core.shell:Creating environment hook '/home/luxifer/LearningRoom/navigation_ws/src/install/nav2_custom_planner/share/nav2_custom_planner/hook/cmake_prefix_path.sh'
[6.006s] Level 1:colcon.colcon_core.environment:checking '/home/luxifer/LearningRoom/navigation_ws/src/install/nav2_custom_planner/lib'
[6.006s] Level 1:colcon.colcon_core.shell:create_environment_hook('nav2_custom_planner', 'ld_library_path_lib')
[6.006s] INFO:colcon.colcon_core.shell:Creating environment hook '/home/luxifer/LearningRoom/navigation_ws/src/install/nav2_custom_planner/share/nav2_custom_planner/hook/ld_library_path_lib.ps1'
[6.006s] INFO:colcon.colcon_core.shell:Creating environment descriptor '/home/luxifer/LearningRoom/navigation_ws/src/install/nav2_custom_planner/share/nav2_custom_planner/hook/ld_library_path_lib.dsv'
[6.006s] INFO:colcon.colcon_core.shell:Creating environment hook '/home/luxifer/LearningRoom/navigation_ws/src/install/nav2_custom_planner/share/nav2_custom_planner/hook/ld_library_path_lib.sh'
[6.007s] Level 1:colcon.colcon_core.environment:checking '/home/luxifer/LearningRoom/navigation_ws/src/install/nav2_custom_planner/bin'
[6.007s] Level 1:colcon.colcon_core.environment:checking '/home/luxifer/LearningRoom/navigation_ws/src/install/nav2_custom_planner/lib/pkgconfig/nav2_custom_planner.pc'
[6.007s] Level 1:colcon.colcon_core.environment:checking '/home/luxifer/LearningRoom/navigation_ws/src/install/nav2_custom_planner/lib/python3.12/site-packages'
[6.007s] Level 1:colcon.colcon_core.environment:checking '/home/luxifer/LearningRoom/navigation_ws/src/install/nav2_custom_planner/bin'
[6.007s] INFO:colcon.colcon_core.shell:Creating package script '/home/luxifer/LearningRoom/navigation_ws/src/install/nav2_custom_planner/share/nav2_custom_planner/package.ps1'
[6.008s] INFO:colcon.colcon_core.shell:Creating package descriptor '/home/luxifer/LearningRoom/navigation_ws/src/install/nav2_custom_planner/share/nav2_custom_planner/package.dsv'
[6.008s] INFO:colcon.colcon_core.shell:Creating package script '/home/luxifer/LearningRoom/navigation_ws/src/install/nav2_custom_planner/share/nav2_custom_planner/package.sh'
[6.008s] INFO:colcon.colcon_core.shell:Creating package script '/home/luxifer/LearningRoom/navigation_ws/src/install/nav2_custom_planner/share/nav2_custom_planner/package.bash'
[6.008s] INFO:colcon.colcon_core.shell:Creating package script '/home/luxifer/LearningRoom/navigation_ws/src/install/nav2_custom_planner/share/nav2_custom_planner/package.zsh'
[6.009s] Level 1:colcon.colcon_core.environment:create_file_with_runtime_dependencies(/home/luxifer/LearningRoom/navigation_ws/src/install/nav2_custom_planner/share/colcon-core/packages/nav2_custom_planner)
[6.009s] Level 1:colcon.colcon_core.environment:create_environment_scripts_only(nav2_custom_planner)
[6.009s] Level 1:colcon.colcon_core.environment:checking '/home/luxifer/LearningRoom/navigation_ws/src/install/nav2_custom_planner' for CMake module files
[6.009s] Level 1:colcon.colcon_core.environment:checking '/home/luxifer/LearningRoom/navigation_ws/src/install/nav2_custom_planner' for CMake config files
[6.009s] Level 1:colcon.colcon_core.shell:create_environment_hook('nav2_custom_planner', 'cmake_prefix_path')
[6.009s] INFO:colcon.colcon_core.shell:Creating environment hook '/home/luxifer/LearningRoom/navigation_ws/src/install/nav2_custom_planner/share/nav2_custom_planner/hook/cmake_prefix_path.ps1'
[6.009s] INFO:colcon.colcon_core.shell:Creating environment descriptor '/home/luxifer/LearningRoom/navigation_ws/src/install/nav2_custom_planner/share/nav2_custom_planner/hook/cmake_prefix_path.dsv'
[6.010s] INFO:colcon.colcon_core.shell:Creating environment hook '/home/luxifer/LearningRoom/navigation_ws/src/install/nav2_custom_planner/share/nav2_custom_planner/hook/cmake_prefix_path.sh'
[6.010s] Level 1:colcon.colcon_core.environment:checking '/home/luxifer/LearningRoom/navigation_ws/src/install/nav2_custom_planner/lib'
[6.010s] Level 1:colcon.colcon_core.shell:create_environment_hook('nav2_custom_planner', 'ld_library_path_lib')
[6.010s] INFO:colcon.colcon_core.shell:Creating environment hook '/home/luxifer/LearningRoom/navigation_ws/src/install/nav2_custom_planner/share/nav2_custom_planner/hook/ld_library_path_lib.ps1'
[6.010s] INFO:colcon.colcon_core.shell:Creating environment descriptor '/home/luxifer/LearningRoom/navigation_ws/src/install/nav2_custom_planner/share/nav2_custom_planner/hook/ld_library_path_lib.dsv'
[6.011s] INFO:colcon.colcon_core.shell:Creating environment hook '/home/luxifer/LearningRoom/navigation_ws/src/install/nav2_custom_planner/share/nav2_custom_planner/hook/ld_library_path_lib.sh'
[6.011s] Level 1:colcon.colcon_core.environment:checking '/home/luxifer/LearningRoom/navigation_ws/src/install/nav2_custom_planner/bin'
[6.011s] Level 1:colcon.colcon_core.environment:checking '/home/luxifer/LearningRoom/navigation_ws/src/install/nav2_custom_planner/lib/pkgconfig/nav2_custom_planner.pc'
[6.011s] Level 1:colcon.colcon_core.environment:checking '/home/luxifer/LearningRoom/navigation_ws/src/install/nav2_custom_planner/lib/python3.12/site-packages'
[6.011s] Level 1:colcon.colcon_core.environment:checking '/home/luxifer/LearningRoom/navigation_ws/src/install/nav2_custom_planner/bin'
[6.012s] INFO:colcon.colcon_core.shell:Creating package script '/home/luxifer/LearningRoom/navigation_ws/src/install/nav2_custom_planner/share/nav2_custom_planner/package.ps1'
[6.012s] INFO:colcon.colcon_core.shell:Creating package descriptor '/home/luxifer/LearningRoom/navigation_ws/src/install/nav2_custom_planner/share/nav2_custom_planner/package.dsv'
[6.012s] INFO:colcon.colcon_core.shell:Creating package script '/home/luxifer/LearningRoom/navigation_ws/src/install/nav2_custom_planner/share/nav2_custom_planner/package.sh'
[6.013s] INFO:colcon.colcon_core.shell:Creating package script '/home/luxifer/LearningRoom/navigation_ws/src/install/nav2_custom_planner/share/nav2_custom_planner/package.bash'
[6.013s] INFO:colcon.colcon_core.shell:Creating package script '/home/luxifer/LearningRoom/navigation_ws/src/install/nav2_custom_planner/share/nav2_custom_planner/package.zsh'
[6.013s] Level 1:colcon.colcon_core.environment:create_file_with_runtime_dependencies(/home/luxifer/LearningRoom/navigation_ws/src/install/nav2_custom_planner/share/colcon-core/packages/nav2_custom_planner)
[6.013s] DEBUG:colcon.colcon_parallel_executor.executor.parallel:closing loop
[6.013s] DEBUG:colcon.colcon_parallel_executor.executor.parallel:loop closed
[6.013s] DEBUG:colcon.colcon_parallel_executor.executor.parallel:run_until_complete finished with '0'
[6.013s] DEBUG:colcon.colcon_core.event_reactor:joining thread
[6.017s] INFO:colcon.colcon_core.plugin_system:Skipping extension 'colcon_notification.desktop_notification.terminal_notifier': Not used on non-Darwin systems
[6.017s] INFO:colcon.colcon_core.plugin_system:Skipping extension 'colcon_notification.desktop_notification.win32': Not used on non-Windows systems
[6.017s] INFO:colcon.colcon_notification.desktop_notification:Sending desktop notification using 'notify2'
[6.026s] DEBUG:colcon.colcon_core.event_reactor:joined thread
[6.026s] INFO:colcon.colcon_core.shell:Creating prefix script '/home/luxifer/LearningRoom/navigation_ws/src/install/local_setup.ps1'
[6.027s] INFO:colcon.colcon_core.shell:Creating prefix util module '/home/luxifer/LearningRoom/navigation_ws/src/install/_local_setup_util_ps1.py'
[6.027s] INFO:colcon.colcon_core.shell:Creating prefix chain script '/home/luxifer/LearningRoom/navigation_ws/src/install/setup.ps1'
[6.028s] INFO:colcon.colcon_core.shell:Creating prefix script '/home/luxifer/LearningRoom/navigation_ws/src/install/local_setup.sh'
[6.028s] INFO:colcon.colcon_core.shell:Creating prefix util module '/home/luxifer/LearningRoom/navigation_ws/src/install/_local_setup_util_sh.py'
[6.029s] INFO:colcon.colcon_core.shell:Creating prefix chain script '/home/luxifer/LearningRoom/navigation_ws/src/install/setup.sh'
[6.029s] INFO:colcon.colcon_core.shell:Creating prefix script '/home/luxifer/LearningRoom/navigation_ws/src/install/local_setup.bash'
[6.030s] INFO:colcon.colcon_core.shell:Creating prefix chain script '/home/luxifer/LearningRoom/navigation_ws/src/install/setup.bash'
[6.030s] INFO:colcon.colcon_core.shell:Creating prefix script '/home/luxifer/LearningRoom/navigation_ws/src/install/local_setup.zsh'
[6.030s] INFO:colcon.colcon_core.shell:Creating prefix chain script '/home/luxifer/LearningRoom/navigation_ws/src/install/setup.zsh'
