[0.022s] Invoking command in '/home/luxifer/LearningRoom/navigation_ws/src/build/carbot_patrol_interfaces': CMAKE_PREFIX_PATH=${CMAKE_PREFIX_PATH}:/home/luxifer/LearningRoom/navigation_ws/install/auto_patrol_carbot:/home/luxifer/LearningRoom/navigation_ws/install/carbot_application:/opt/ros/jazzy DEBUGINFOD_URLS=https://debuginfod.ubuntu.com /usr/bin/cmake /home/luxifer/LearningRoom/navigation_ws/src/carbot_patrol_interfaces -DCMAKE_INSTALL_PREFIX=/home/luxifer/LearningRoom/navigation_ws/src/install/carbot_patrol_interfaces
[0.154s] -- The C compiler identification is GNU 13.3.0
[0.154s] -- The CXX compiler identification is GNU 13.3.0
[0.154s] -- Detecting C compiler ABI info
[0.223s] -- Detecting C compiler ABI info - done
[0.229s] -- Check for working C compiler: /usr/bin/cc - skipped
[0.230s] -- Detecting C compile features
[0.230s] -- Detecting C compile features - done
[0.239s] -- Detecting CXX compiler ABI info
[0.341s] -- Detecting CXX compiler ABI info - done
[0.348s] -- Check for working CXX compiler: /usr/bin/c++ - skipped
[0.349s] -- Detecting CXX compile features
[0.349s] -- Detecting CXX compile features - done
[0.366s] -- Found ament_cmake: 2.5.5 (/opt/ros/jazzy/share/ament_cmake/cmake)
[0.503s] -- Found Python3: /usr/bin/python3 (found version "3.12.3") found components: Interpreter 
[0.627s] -- Found rosidl_default_generators: 1.6.0 (/opt/ros/jazzy/share/rosidl_default_generators/cmake)
[0.636s] -- Using all available rosidl_typesupport_c: rosidl_typesupport_fastrtps_c;rosidl_typesupport_introspection_c
[0.702s] -- Using all available rosidl_typesupport_cpp: rosidl_typesupport_fastrtps_cpp;rosidl_typesupport_introspection_cpp
[0.756s] -- Found rosidl_adapter: 4.6.7 (/opt/ros/jazzy/share/rosidl_adapter/cmake)
[1.311s] -- Found ament_cmake_ros: 0.12.0 (/opt/ros/jazzy/share/ament_cmake_ros/cmake)
[1.654s] -- Using all available rosidl_typesupport_c: rosidl_typesupport_fastrtps_c;rosidl_typesupport_introspection_c
[2.092s] -- Using all available rosidl_typesupport_cpp: rosidl_typesupport_fastrtps_cpp;rosidl_typesupport_introspection_cpp
[2.095s] -- Found python_cmake_module: 0.11.1 (/opt/ros/jazzy/share/python_cmake_module/cmake)
[2.194s] -- Found PythonExtra: /usr/bin/python3  
[2.470s] -- Found Python3: /usr/bin/python3 (found version "3.12.3") found components: Interpreter Development NumPy Development.Module Development.Embed 
[2.492s] -- Found ament_lint_auto: 0.17.4 (/opt/ros/jazzy/share/ament_lint_auto/cmake)
[2.512s] -- Added test 'lint_cmake' to check CMake code style
[2.513s] -- Added test 'xmllint' to check XML markup files
[2.515s] -- Configuring done (2.5s)
[2.535s] -- Generating done (0.0s)
[2.541s] -- Build files have been written to: /home/luxifer/LearningRoom/navigation_ws/src/build/carbot_patrol_interfaces
[2.549s] Invoked command in '/home/luxifer/LearningRoom/navigation_ws/src/build/carbot_patrol_interfaces' returned '0': CMAKE_PREFIX_PATH=${CMAKE_PREFIX_PATH}:/home/luxifer/LearningRoom/navigation_ws/install/auto_patrol_carbot:/home/luxifer/LearningRoom/navigation_ws/install/carbot_application:/opt/ros/jazzy DEBUGINFOD_URLS=https://debuginfod.ubuntu.com /usr/bin/cmake /home/luxifer/LearningRoom/navigation_ws/src/carbot_patrol_interfaces -DCMAKE_INSTALL_PREFIX=/home/luxifer/LearningRoom/navigation_ws/src/install/carbot_patrol_interfaces
[2.550s] Invoking command in '/home/luxifer/LearningRoom/navigation_ws/src/build/carbot_patrol_interfaces': CMAKE_PREFIX_PATH=${CMAKE_PREFIX_PATH}:/home/luxifer/LearningRoom/navigation_ws/install/auto_patrol_carbot:/home/luxifer/LearningRoom/navigation_ws/install/carbot_application:/opt/ros/jazzy DEBUGINFOD_URLS=https://debuginfod.ubuntu.com /usr/bin/cmake --build /home/luxifer/LearningRoom/navigation_ws/src/build/carbot_patrol_interfaces -- -j8 -l8
[2.589s] [  2%] [34m[1mGenerating type hashes for ROS interfaces[0m
[2.603s] [  2%] Built target ament_cmake_python_copy_carbot_patrol_interfaces
[2.740s] [  2%] Built target carbot_patrol_interfaces__rosidl_generator_type_description
[2.751s] [  5%] [34m[1mGenerating C code for ROS interfaces[0m
[2.763s] [  8%] [34m[1mGenerating C++ code for ROS interfaces[0m
[2.772s] running egg_info
[2.773s] creating carbot_patrol_interfaces.egg-info
[2.787s] writing carbot_patrol_interfaces.egg-info/PKG-INFO
[2.788s] writing dependency_links to carbot_patrol_interfaces.egg-info/dependency_links.txt
[2.788s] writing top-level names to carbot_patrol_interfaces.egg-info/top_level.txt
[2.788s] writing manifest file 'carbot_patrol_interfaces.egg-info/SOURCES.txt'
[2.826s] reading manifest file 'carbot_patrol_interfaces.egg-info/SOURCES.txt'
[2.826s] writing manifest file 'carbot_patrol_interfaces.egg-info/SOURCES.txt'
[2.850s] [  8%] Built target ament_cmake_python_build_carbot_patrol_interfaces_egg
[2.941s] [  8%] Built target carbot_patrol_interfaces__cpp
[2.967s] [ 17%] [32mBuilding C object CMakeFiles/carbot_patrol_interfaces__rosidl_generator_c.dir/rosidl_generator_c/carbot_patrol_interfaces/srv/detail/speech__functions.c.o[0m
[2.967s] [ 17%] [32mBuilding C object CMakeFiles/carbot_patrol_interfaces__rosidl_generator_c.dir/rosidl_generator_c/carbot_patrol_interfaces/srv/detail/speech__description.c.o[0m
[2.967s] [ 17%] [32mBuilding C object CMakeFiles/carbot_patrol_interfaces__rosidl_generator_c.dir/rosidl_generator_c/carbot_patrol_interfaces/srv/detail/speech__type_support.c.o[0m
[3.020s] [ 20%] [32m[1mLinking C shared library libcarbot_patrol_interfaces__rosidl_generator_c.so[0m
[3.051s] [ 20%] Built target carbot_patrol_interfaces__rosidl_generator_c
[3.064s] [ 26%] [34m[1mGenerating C type support for eProsima Fast-RTPS[0m
[3.064s] [ 26%] [34m[1mGenerating C++ type support dispatch for ROS interfaces[0m
[3.064s] [ 29%] [34m[1mGenerating C introspection for ROS interfaces[0m
[3.064s] [ 32%] [34m[1mGenerating C++ introspection for ROS interfaces[0m
[3.066s] [ 35%] [34m[1mGenerating C++ type support for eProsima Fast-RTPS[0m
[3.066s] [ 38%] [34m[1mGenerating C type support dispatch for ROS interfaces[0m
[3.249s] [ 41%] [32mBuilding CXX object CMakeFiles/carbot_patrol_interfaces__rosidl_typesupport_cpp.dir/rosidl_typesupport_cpp/carbot_patrol_interfaces/srv/speech__type_support.cpp.o[0m
[3.260s] [ 44%] [32mBuilding CXX object CMakeFiles/carbot_patrol_interfaces__rosidl_typesupport_c.dir/rosidl_typesupport_c/carbot_patrol_interfaces/srv/speech__type_support.cpp.o[0m
[3.280s] [ 47%] [32mBuilding C object CMakeFiles/carbot_patrol_interfaces__rosidl_typesupport_introspection_c.dir/rosidl_typesupport_introspection_c/carbot_patrol_interfaces/srv/detail/speech__type_support.c.o[0m
[3.283s] [ 50%] [32mBuilding CXX object CMakeFiles/carbot_patrol_interfaces__rosidl_typesupport_introspection_cpp.dir/rosidl_typesupport_introspection_cpp/carbot_patrol_interfaces/srv/detail/speech__type_support.cpp.o[0m
[3.292s] [ 52%] [32mBuilding CXX object CMakeFiles/carbot_patrol_interfaces__rosidl_typesupport_fastrtps_cpp.dir/rosidl_typesupport_fastrtps_cpp/carbot_patrol_interfaces/srv/detail/dds_fastrtps/speech__type_support.cpp.o[0m
[3.309s] [ 55%] [32mBuilding CXX object CMakeFiles/carbot_patrol_interfaces__rosidl_typesupport_fastrtps_c.dir/rosidl_typesupport_fastrtps_c/carbot_patrol_interfaces/srv/detail/speech__type_support_c.cpp.o[0m
[3.325s] [ 58%] [32m[1mLinking CXX shared library libcarbot_patrol_interfaces__rosidl_typesupport_c.so[0m
[3.335s] [ 61%] [32m[1mLinking C shared library libcarbot_patrol_interfaces__rosidl_typesupport_introspection_c.so[0m
[3.369s] [ 61%] Built target carbot_patrol_interfaces__rosidl_typesupport_c
[3.372s] [ 61%] Built target carbot_patrol_interfaces__rosidl_typesupport_introspection_c
[3.523s] [ 64%] [32m[1mLinking CXX shared library libcarbot_patrol_interfaces__rosidl_typesupport_cpp.so[0m
[3.570s] [ 67%] [32m[1mLinking CXX shared library libcarbot_patrol_interfaces__rosidl_typesupport_introspection_cpp.so[0m
[3.584s] [ 67%] Built target carbot_patrol_interfaces__rosidl_typesupport_cpp
[3.634s] [ 67%] Built target carbot_patrol_interfaces__rosidl_typesupport_introspection_cpp
[3.655s] [ 70%] [32m[1mLinking CXX shared library libcarbot_patrol_interfaces__rosidl_typesupport_fastrtps_c.so[0m
[3.711s] [ 73%] [32m[1mLinking CXX shared library libcarbot_patrol_interfaces__rosidl_typesupport_fastrtps_cpp.so[0m
[3.715s] [ 73%] Built target carbot_patrol_interfaces__rosidl_typesupport_fastrtps_c
[3.767s] [ 73%] Built target carbot_patrol_interfaces__rosidl_typesupport_fastrtps_cpp
[3.783s] [ 73%] Built target carbot_patrol_interfaces
[3.799s] [ 76%] [34m[1mGenerating Python code for ROS interfaces[0m
[3.971s] [ 76%] Built target carbot_patrol_interfaces__py
[3.987s] [ 79%] [32mBuilding C object CMakeFiles/carbot_patrol_interfaces__rosidl_generator_py.dir/rosidl_generator_py/carbot_patrol_interfaces/srv/_speech_s.c.o[0m
[4.117s] [ 82%] [32m[1mLinking C shared library libcarbot_patrol_interfaces__rosidl_generator_py.so[0m
[4.151s] [ 82%] Built target carbot_patrol_interfaces__rosidl_generator_py
[4.172s] [ 91%] [32mBuilding C object CMakeFiles/carbot_patrol_interfaces_s__rosidl_typesupport_introspection_c.dir/rosidl_generator_py/carbot_patrol_interfaces/_carbot_patrol_interfaces_s.ep.rosidl_typesupport_introspection_c.c.o[0m
[4.173s] [ 91%] [32mBuilding C object CMakeFiles/carbot_patrol_interfaces_s__rosidl_typesupport_c.dir/rosidl_generator_py/carbot_patrol_interfaces/_carbot_patrol_interfaces_s.ep.rosidl_typesupport_c.c.o[0m
[4.173s] [ 91%] [32mBuilding C object CMakeFiles/carbot_patrol_interfaces_s__rosidl_typesupport_fastrtps_c.dir/rosidl_generator_py/carbot_patrol_interfaces/_carbot_patrol_interfaces_s.ep.rosidl_typesupport_fastrtps_c.c.o[0m
[4.247s] [ 94%] [32m[1mLinking C shared module rosidl_generator_py/carbot_patrol_interfaces/carbot_patrol_interfaces_s__rosidl_typesupport_introspection_c.so[0m
[4.248s] [ 97%] [32m[1mLinking C shared module rosidl_generator_py/carbot_patrol_interfaces/carbot_patrol_interfaces_s__rosidl_typesupport_fastrtps_c.so[0m
[4.248s] [100%] [32m[1mLinking C shared module rosidl_generator_py/carbot_patrol_interfaces/carbot_patrol_interfaces_s__rosidl_typesupport_c.so[0m
[4.274s] [100%] Built target carbot_patrol_interfaces_s__rosidl_typesupport_c
[4.274s] [100%] Built target carbot_patrol_interfaces_s__rosidl_typesupport_introspection_c
[4.274s] [100%] Built target carbot_patrol_interfaces_s__rosidl_typesupport_fastrtps_c
[4.283s] Invoked command in '/home/luxifer/LearningRoom/navigation_ws/src/build/carbot_patrol_interfaces' returned '0': CMAKE_PREFIX_PATH=${CMAKE_PREFIX_PATH}:/home/luxifer/LearningRoom/navigation_ws/install/auto_patrol_carbot:/home/luxifer/LearningRoom/navigation_ws/install/carbot_application:/opt/ros/jazzy DEBUGINFOD_URLS=https://debuginfod.ubuntu.com /usr/bin/cmake --build /home/luxifer/LearningRoom/navigation_ws/src/build/carbot_patrol_interfaces -- -j8 -l8
[4.284s] Invoking command in '/home/luxifer/LearningRoom/navigation_ws/src/build/carbot_patrol_interfaces': CMAKE_PREFIX_PATH=${CMAKE_PREFIX_PATH}:/home/luxifer/LearningRoom/navigation_ws/install/auto_patrol_carbot:/home/luxifer/LearningRoom/navigation_ws/install/carbot_application:/opt/ros/jazzy DEBUGINFOD_URLS=https://debuginfod.ubuntu.com /usr/bin/cmake --install /home/luxifer/LearningRoom/navigation_ws/src/build/carbot_patrol_interfaces
[4.290s] -- Install configuration: ""
[4.290s] -- Installing: /home/luxifer/LearningRoom/navigation_ws/src/install/carbot_patrol_interfaces/share/ament_index/resource_index/rosidl_interfaces/carbot_patrol_interfaces
[4.290s] -- Installing: /home/luxifer/LearningRoom/navigation_ws/src/install/carbot_patrol_interfaces/share/carbot_patrol_interfaces/srv/Speech.json
[4.291s] -- Installing: /home/luxifer/LearningRoom/navigation_ws/src/install/carbot_patrol_interfaces/include/carbot_patrol_interfaces/carbot_patrol_interfaces
[4.291s] -- Installing: /home/luxifer/LearningRoom/navigation_ws/src/install/carbot_patrol_interfaces/include/carbot_patrol_interfaces/carbot_patrol_interfaces/srv
[4.291s] -- Installing: /home/luxifer/LearningRoom/navigation_ws/src/install/carbot_patrol_interfaces/include/carbot_patrol_interfaces/carbot_patrol_interfaces/srv/speech.h
[4.291s] -- Installing: /home/luxifer/LearningRoom/navigation_ws/src/install/carbot_patrol_interfaces/include/carbot_patrol_interfaces/carbot_patrol_interfaces/srv/detail
[4.291s] -- Installing: /home/luxifer/LearningRoom/navigation_ws/src/install/carbot_patrol_interfaces/include/carbot_patrol_interfaces/carbot_patrol_interfaces/srv/detail/speech__type_support.h
[4.291s] -- Installing: /home/luxifer/LearningRoom/navigation_ws/src/install/carbot_patrol_interfaces/include/carbot_patrol_interfaces/carbot_patrol_interfaces/srv/detail/speech__functions.h
[4.291s] -- Installing: /home/luxifer/LearningRoom/navigation_ws/src/install/carbot_patrol_interfaces/include/carbot_patrol_interfaces/carbot_patrol_interfaces/srv/detail/speech__struct.h
[4.291s] -- Installing: /home/luxifer/LearningRoom/navigation_ws/src/install/carbot_patrol_interfaces/include/carbot_patrol_interfaces/carbot_patrol_interfaces/srv/detail/speech__type_support.c
[4.291s] -- Installing: /home/luxifer/LearningRoom/navigation_ws/src/install/carbot_patrol_interfaces/include/carbot_patrol_interfaces/carbot_patrol_interfaces/srv/detail/speech__functions.c
[4.291s] -- Installing: /home/luxifer/LearningRoom/navigation_ws/src/install/carbot_patrol_interfaces/include/carbot_patrol_interfaces/carbot_patrol_interfaces/srv/detail/speech__description.c
[4.291s] -- Installing: /home/luxifer/LearningRoom/navigation_ws/src/install/carbot_patrol_interfaces/include/carbot_patrol_interfaces/carbot_patrol_interfaces/msg
[4.291s] -- Installing: /home/luxifer/LearningRoom/navigation_ws/src/install/carbot_patrol_interfaces/include/carbot_patrol_interfaces/carbot_patrol_interfaces/msg/rosidl_generator_c__visibility_control.h
[4.291s] -- Installing: /home/luxifer/LearningRoom/navigation_ws/src/install/carbot_patrol_interfaces/share/carbot_patrol_interfaces/environment/library_path.sh
[4.291s] -- Installing: /home/luxifer/LearningRoom/navigation_ws/src/install/carbot_patrol_interfaces/share/carbot_patrol_interfaces/environment/library_path.dsv
[4.291s] -- Installing: /home/luxifer/LearningRoom/navigation_ws/src/install/carbot_patrol_interfaces/lib/libcarbot_patrol_interfaces__rosidl_generator_c.so
[4.292s] -- Set non-toolchain portion of runtime path of "/home/luxifer/LearningRoom/navigation_ws/src/install/carbot_patrol_interfaces/lib/libcarbot_patrol_interfaces__rosidl_generator_c.so" to ""
[4.292s] -- Up-to-date: /home/luxifer/LearningRoom/navigation_ws/src/install/carbot_patrol_interfaces/include/carbot_patrol_interfaces/carbot_patrol_interfaces
[4.292s] -- Up-to-date: /home/luxifer/LearningRoom/navigation_ws/src/install/carbot_patrol_interfaces/include/carbot_patrol_interfaces/carbot_patrol_interfaces/srv
[4.292s] -- Up-to-date: /home/luxifer/LearningRoom/navigation_ws/src/install/carbot_patrol_interfaces/include/carbot_patrol_interfaces/carbot_patrol_interfaces/srv/detail
[4.292s] -- Installing: /home/luxifer/LearningRoom/navigation_ws/src/install/carbot_patrol_interfaces/include/carbot_patrol_interfaces/carbot_patrol_interfaces/srv/detail/speech__rosidl_typesupport_fastrtps_c.h
[4.292s] -- Up-to-date: /home/luxifer/LearningRoom/navigation_ws/src/install/carbot_patrol_interfaces/include/carbot_patrol_interfaces/carbot_patrol_interfaces/msg
[4.292s] -- Installing: /home/luxifer/LearningRoom/navigation_ws/src/install/carbot_patrol_interfaces/include/carbot_patrol_interfaces/carbot_patrol_interfaces/msg/rosidl_typesupport_fastrtps_c__visibility_control.h
[4.292s] -- Installing: /home/luxifer/LearningRoom/navigation_ws/src/install/carbot_patrol_interfaces/lib/libcarbot_patrol_interfaces__rosidl_typesupport_fastrtps_c.so
[4.293s] -- Set non-toolchain portion of runtime path of "/home/luxifer/LearningRoom/navigation_ws/src/install/carbot_patrol_interfaces/lib/libcarbot_patrol_interfaces__rosidl_typesupport_fastrtps_c.so" to ""
[4.293s] -- Up-to-date: /home/luxifer/LearningRoom/navigation_ws/src/install/carbot_patrol_interfaces/include/carbot_patrol_interfaces/carbot_patrol_interfaces
[4.293s] -- Up-to-date: /home/luxifer/LearningRoom/navigation_ws/src/install/carbot_patrol_interfaces/include/carbot_patrol_interfaces/carbot_patrol_interfaces/srv
[4.293s] -- Up-to-date: /home/luxifer/LearningRoom/navigation_ws/src/install/carbot_patrol_interfaces/include/carbot_patrol_interfaces/carbot_patrol_interfaces/srv/detail
[4.293s] -- Installing: /home/luxifer/LearningRoom/navigation_ws/src/install/carbot_patrol_interfaces/include/carbot_patrol_interfaces/carbot_patrol_interfaces/srv/detail/speech__type_support.c
[4.293s] -- Installing: /home/luxifer/LearningRoom/navigation_ws/src/install/carbot_patrol_interfaces/include/carbot_patrol_interfaces/carbot_patrol_interfaces/srv/detail/speech__rosidl_typesupport_introspection_c.h
[4.293s] -- Up-to-date: /home/luxifer/LearningRoom/navigation_ws/src/install/carbot_patrol_interfaces/include/carbot_patrol_interfaces/carbot_patrol_interfaces/msg
[4.293s] -- Installing: /home/luxifer/LearningRoom/navigation_ws/src/install/carbot_patrol_interfaces/include/carbot_patrol_interfaces/carbot_patrol_interfaces/msg/rosidl_typesupport_introspection_c__visibility_control.h
[4.293s] -- Installing: /home/luxifer/LearningRoom/navigation_ws/src/install/carbot_patrol_interfaces/lib/libcarbot_patrol_interfaces__rosidl_typesupport_introspection_c.so
[4.293s] -- Set non-toolchain portion of runtime path of "/home/luxifer/LearningRoom/navigation_ws/src/install/carbot_patrol_interfaces/lib/libcarbot_patrol_interfaces__rosidl_typesupport_introspection_c.so" to ""
[4.293s] -- Installing: /home/luxifer/LearningRoom/navigation_ws/src/install/carbot_patrol_interfaces/lib/libcarbot_patrol_interfaces__rosidl_typesupport_c.so
[4.293s] -- Set non-toolchain portion of runtime path of "/home/luxifer/LearningRoom/navigation_ws/src/install/carbot_patrol_interfaces/lib/libcarbot_patrol_interfaces__rosidl_typesupport_c.so" to ""
[4.293s] -- Up-to-date: /home/luxifer/LearningRoom/navigation_ws/src/install/carbot_patrol_interfaces/include/carbot_patrol_interfaces/carbot_patrol_interfaces
[4.293s] -- Up-to-date: /home/luxifer/LearningRoom/navigation_ws/src/install/carbot_patrol_interfaces/include/carbot_patrol_interfaces/carbot_patrol_interfaces/srv
[4.293s] -- Installing: /home/luxifer/LearningRoom/navigation_ws/src/install/carbot_patrol_interfaces/include/carbot_patrol_interfaces/carbot_patrol_interfaces/srv/speech.hpp
[4.293s] -- Up-to-date: /home/luxifer/LearningRoom/navigation_ws/src/install/carbot_patrol_interfaces/include/carbot_patrol_interfaces/carbot_patrol_interfaces/srv/detail
[4.293s] -- Installing: /home/luxifer/LearningRoom/navigation_ws/src/install/carbot_patrol_interfaces/include/carbot_patrol_interfaces/carbot_patrol_interfaces/srv/detail/speech__traits.hpp
[4.293s] -- Installing: /home/luxifer/LearningRoom/navigation_ws/src/install/carbot_patrol_interfaces/include/carbot_patrol_interfaces/carbot_patrol_interfaces/srv/detail/speech__type_support.hpp
[4.294s] -- Installing: /home/luxifer/LearningRoom/navigation_ws/src/install/carbot_patrol_interfaces/include/carbot_patrol_interfaces/carbot_patrol_interfaces/srv/detail/speech__struct.hpp
[4.294s] -- Installing: /home/luxifer/LearningRoom/navigation_ws/src/install/carbot_patrol_interfaces/include/carbot_patrol_interfaces/carbot_patrol_interfaces/srv/detail/speech__builder.hpp
[4.294s] -- Up-to-date: /home/luxifer/LearningRoom/navigation_ws/src/install/carbot_patrol_interfaces/include/carbot_patrol_interfaces/carbot_patrol_interfaces/msg
[4.294s] -- Installing: /home/luxifer/LearningRoom/navigation_ws/src/install/carbot_patrol_interfaces/include/carbot_patrol_interfaces/carbot_patrol_interfaces/msg/rosidl_generator_cpp__visibility_control.hpp
[4.294s] -- Up-to-date: /home/luxifer/LearningRoom/navigation_ws/src/install/carbot_patrol_interfaces/include/carbot_patrol_interfaces/carbot_patrol_interfaces
[4.294s] -- Up-to-date: /home/luxifer/LearningRoom/navigation_ws/src/install/carbot_patrol_interfaces/include/carbot_patrol_interfaces/carbot_patrol_interfaces/srv
[4.294s] -- Up-to-date: /home/luxifer/LearningRoom/navigation_ws/src/install/carbot_patrol_interfaces/include/carbot_patrol_interfaces/carbot_patrol_interfaces/srv/detail
[4.294s] -- Installing: /home/luxifer/LearningRoom/navigation_ws/src/install/carbot_patrol_interfaces/include/carbot_patrol_interfaces/carbot_patrol_interfaces/srv/detail/speech__rosidl_typesupport_fastrtps_cpp.hpp
[4.294s] -- Installing: /home/luxifer/LearningRoom/navigation_ws/src/install/carbot_patrol_interfaces/include/carbot_patrol_interfaces/carbot_patrol_interfaces/srv/detail/dds_fastrtps
[4.294s] -- Up-to-date: /home/luxifer/LearningRoom/navigation_ws/src/install/carbot_patrol_interfaces/include/carbot_patrol_interfaces/carbot_patrol_interfaces/msg
[4.294s] -- Installing: /home/luxifer/LearningRoom/navigation_ws/src/install/carbot_patrol_interfaces/include/carbot_patrol_interfaces/carbot_patrol_interfaces/msg/rosidl_typesupport_fastrtps_cpp__visibility_control.h
[4.294s] -- Installing: /home/luxifer/LearningRoom/navigation_ws/src/install/carbot_patrol_interfaces/lib/libcarbot_patrol_interfaces__rosidl_typesupport_fastrtps_cpp.so
[4.294s] -- Set non-toolchain portion of runtime path of "/home/luxifer/LearningRoom/navigation_ws/src/install/carbot_patrol_interfaces/lib/libcarbot_patrol_interfaces__rosidl_typesupport_fastrtps_cpp.so" to ""
[4.294s] -- Up-to-date: /home/luxifer/LearningRoom/navigation_ws/src/install/carbot_patrol_interfaces/include/carbot_patrol_interfaces/carbot_patrol_interfaces
[4.294s] -- Up-to-date: /home/luxifer/LearningRoom/navigation_ws/src/install/carbot_patrol_interfaces/include/carbot_patrol_interfaces/carbot_patrol_interfaces/srv
[4.294s] -- Up-to-date: /home/luxifer/LearningRoom/navigation_ws/src/install/carbot_patrol_interfaces/include/carbot_patrol_interfaces/carbot_patrol_interfaces/srv/detail
[4.294s] -- Installing: /home/luxifer/LearningRoom/navigation_ws/src/install/carbot_patrol_interfaces/include/carbot_patrol_interfaces/carbot_patrol_interfaces/srv/detail/speech__type_support.cpp
[4.294s] -- Installing: /home/luxifer/LearningRoom/navigation_ws/src/install/carbot_patrol_interfaces/include/carbot_patrol_interfaces/carbot_patrol_interfaces/srv/detail/speech__rosidl_typesupport_introspection_cpp.hpp
[4.294s] -- Installing: /home/luxifer/LearningRoom/navigation_ws/src/install/carbot_patrol_interfaces/lib/libcarbot_patrol_interfaces__rosidl_typesupport_introspection_cpp.so
[4.295s] -- Set non-toolchain portion of runtime path of "/home/luxifer/LearningRoom/navigation_ws/src/install/carbot_patrol_interfaces/lib/libcarbot_patrol_interfaces__rosidl_typesupport_introspection_cpp.so" to ""
[4.295s] -- Installing: /home/luxifer/LearningRoom/navigation_ws/src/install/carbot_patrol_interfaces/lib/libcarbot_patrol_interfaces__rosidl_typesupport_cpp.so
[4.295s] -- Set non-toolchain portion of runtime path of "/home/luxifer/LearningRoom/navigation_ws/src/install/carbot_patrol_interfaces/lib/libcarbot_patrol_interfaces__rosidl_typesupport_cpp.so" to ""
[4.295s] -- Installing: /home/luxifer/LearningRoom/navigation_ws/src/install/carbot_patrol_interfaces/share/carbot_patrol_interfaces/environment/pythonpath.sh
[4.295s] -- Installing: /home/luxifer/LearningRoom/navigation_ws/src/install/carbot_patrol_interfaces/share/carbot_patrol_interfaces/environment/pythonpath.dsv
[4.295s] -- Installing: /home/luxifer/LearningRoom/navigation_ws/src/install/carbot_patrol_interfaces/lib/python3.12/site-packages/carbot_patrol_interfaces-0.0.0-py3.12.egg-info
[4.296s] -- Installing: /home/luxifer/LearningRoom/navigation_ws/src/install/carbot_patrol_interfaces/lib/python3.12/site-packages/carbot_patrol_interfaces-0.0.0-py3.12.egg-info/PKG-INFO
[4.296s] -- Installing: /home/luxifer/LearningRoom/navigation_ws/src/install/carbot_patrol_interfaces/lib/python3.12/site-packages/carbot_patrol_interfaces-0.0.0-py3.12.egg-info/SOURCES.txt
[4.296s] -- Installing: /home/luxifer/LearningRoom/navigation_ws/src/install/carbot_patrol_interfaces/lib/python3.12/site-packages/carbot_patrol_interfaces-0.0.0-py3.12.egg-info/dependency_links.txt
[4.296s] -- Installing: /home/luxifer/LearningRoom/navigation_ws/src/install/carbot_patrol_interfaces/lib/python3.12/site-packages/carbot_patrol_interfaces-0.0.0-py3.12.egg-info/top_level.txt
[4.296s] -- Installing: /home/luxifer/LearningRoom/navigation_ws/src/install/carbot_patrol_interfaces/lib/python3.12/site-packages/carbot_patrol_interfaces
[4.296s] -- Installing: /home/luxifer/LearningRoom/navigation_ws/src/install/carbot_patrol_interfaces/lib/python3.12/site-packages/carbot_patrol_interfaces/carbot_patrol_interfaces_s__rosidl_typesupport_fastrtps_c.so
[4.296s] -- Installing: /home/luxifer/LearningRoom/navigation_ws/src/install/carbot_patrol_interfaces/lib/python3.12/site-packages/carbot_patrol_interfaces/_carbot_patrol_interfaces_s.ep.rosidl_typesupport_c.c
[4.296s] -- Installing: /home/luxifer/LearningRoom/navigation_ws/src/install/carbot_patrol_interfaces/lib/python3.12/site-packages/carbot_patrol_interfaces/_carbot_patrol_interfaces_s.ep.rosidl_typesupport_introspection_c.c
[4.296s] -- Installing: /home/luxifer/LearningRoom/navigation_ws/src/install/carbot_patrol_interfaces/lib/python3.12/site-packages/carbot_patrol_interfaces/carbot_patrol_interfaces_s__rosidl_typesupport_introspection_c.so
[4.296s] -- Installing: /home/luxifer/LearningRoom/navigation_ws/src/install/carbot_patrol_interfaces/lib/python3.12/site-packages/carbot_patrol_interfaces/_carbot_patrol_interfaces_s.ep.rosidl_typesupport_fastrtps_c.c
[4.296s] -- Installing: /home/luxifer/LearningRoom/navigation_ws/src/install/carbot_patrol_interfaces/lib/python3.12/site-packages/carbot_patrol_interfaces/srv
[4.296s] -- Installing: /home/luxifer/LearningRoom/navigation_ws/src/install/carbot_patrol_interfaces/lib/python3.12/site-packages/carbot_patrol_interfaces/srv/_speech.py
[4.296s] -- Installing: /home/luxifer/LearningRoom/navigation_ws/src/install/carbot_patrol_interfaces/lib/python3.12/site-packages/carbot_patrol_interfaces/srv/_speech_s.c
[4.296s] -- Installing: /home/luxifer/LearningRoom/navigation_ws/src/install/carbot_patrol_interfaces/lib/python3.12/site-packages/carbot_patrol_interfaces/srv/__init__.py
[4.296s] -- Installing: /home/luxifer/LearningRoom/navigation_ws/src/install/carbot_patrol_interfaces/lib/python3.12/site-packages/carbot_patrol_interfaces/carbot_patrol_interfaces_s__rosidl_typesupport_c.so
[4.296s] -- Installing: /home/luxifer/LearningRoom/navigation_ws/src/install/carbot_patrol_interfaces/lib/python3.12/site-packages/carbot_patrol_interfaces/__init__.py
[4.322s] Listing '/home/luxifer/LearningRoom/navigation_ws/src/install/carbot_patrol_interfaces/lib/python3.12/site-packages/carbot_patrol_interfaces'...
[4.322s] Compiling '/home/luxifer/LearningRoom/navigation_ws/src/install/carbot_patrol_interfaces/lib/python3.12/site-packages/carbot_patrol_interfaces/__init__.py'...
[4.322s] Listing '/home/luxifer/LearningRoom/navigation_ws/src/install/carbot_patrol_interfaces/lib/python3.12/site-packages/carbot_patrol_interfaces/srv'...
[4.322s] Compiling '/home/luxifer/LearningRoom/navigation_ws/src/install/carbot_patrol_interfaces/lib/python3.12/site-packages/carbot_patrol_interfaces/srv/__init__.py'...
[4.322s] Compiling '/home/luxifer/LearningRoom/navigation_ws/src/install/carbot_patrol_interfaces/lib/python3.12/site-packages/carbot_patrol_interfaces/srv/_speech.py'...
[4.325s] -- Installing: /home/luxifer/LearningRoom/navigation_ws/src/install/carbot_patrol_interfaces/lib/python3.12/site-packages/carbot_patrol_interfaces/carbot_patrol_interfaces_s__rosidl_typesupport_fastrtps_c.so
[4.325s] -- Set non-toolchain portion of runtime path of "/home/luxifer/LearningRoom/navigation_ws/src/install/carbot_patrol_interfaces/lib/python3.12/site-packages/carbot_patrol_interfaces/carbot_patrol_interfaces_s__rosidl_typesupport_fastrtps_c.so" to ""
[4.325s] -- Installing: /home/luxifer/LearningRoom/navigation_ws/src/install/carbot_patrol_interfaces/lib/python3.12/site-packages/carbot_patrol_interfaces/carbot_patrol_interfaces_s__rosidl_typesupport_introspection_c.so
[4.325s] -- Set non-toolchain portion of runtime path of "/home/luxifer/LearningRoom/navigation_ws/src/install/carbot_patrol_interfaces/lib/python3.12/site-packages/carbot_patrol_interfaces/carbot_patrol_interfaces_s__rosidl_typesupport_introspection_c.so" to ""
[4.325s] -- Installing: /home/luxifer/LearningRoom/navigation_ws/src/install/carbot_patrol_interfaces/lib/python3.12/site-packages/carbot_patrol_interfaces/carbot_patrol_interfaces_s__rosidl_typesupport_c.so
[4.325s] -- Set non-toolchain portion of runtime path of "/home/luxifer/LearningRoom/navigation_ws/src/install/carbot_patrol_interfaces/lib/python3.12/site-packages/carbot_patrol_interfaces/carbot_patrol_interfaces_s__rosidl_typesupport_c.so" to ""
[4.325s] -- Installing: /home/luxifer/LearningRoom/navigation_ws/src/install/carbot_patrol_interfaces/lib/libcarbot_patrol_interfaces__rosidl_generator_py.so
[4.326s] -- Set non-toolchain portion of runtime path of "/home/luxifer/LearningRoom/navigation_ws/src/install/carbot_patrol_interfaces/lib/libcarbot_patrol_interfaces__rosidl_generator_py.so" to ""
[4.326s] -- Installing: /home/luxifer/LearningRoom/navigation_ws/src/install/carbot_patrol_interfaces/share/carbot_patrol_interfaces/srv/Speech.idl
[4.326s] -- Installing: /home/luxifer/LearningRoom/navigation_ws/src/install/carbot_patrol_interfaces/share/carbot_patrol_interfaces/srv/Speech.srv
[4.326s] -- Installing: /home/luxifer/LearningRoom/navigation_ws/src/install/carbot_patrol_interfaces/share/ament_index/resource_index/package_run_dependencies/carbot_patrol_interfaces
[4.326s] -- Installing: /home/luxifer/LearningRoom/navigation_ws/src/install/carbot_patrol_interfaces/share/ament_index/resource_index/parent_prefix_path/carbot_patrol_interfaces
[4.326s] -- Installing: /home/luxifer/LearningRoom/navigation_ws/src/install/carbot_patrol_interfaces/share/carbot_patrol_interfaces/environment/ament_prefix_path.sh
[4.326s] -- Installing: /home/luxifer/LearningRoom/navigation_ws/src/install/carbot_patrol_interfaces/share/carbot_patrol_interfaces/environment/ament_prefix_path.dsv
[4.326s] -- Installing: /home/luxifer/LearningRoom/navigation_ws/src/install/carbot_patrol_interfaces/share/carbot_patrol_interfaces/environment/path.sh
[4.326s] -- Installing: /home/luxifer/LearningRoom/navigation_ws/src/install/carbot_patrol_interfaces/share/carbot_patrol_interfaces/environment/path.dsv
[4.326s] -- Installing: /home/luxifer/LearningRoom/navigation_ws/src/install/carbot_patrol_interfaces/share/carbot_patrol_interfaces/local_setup.bash
[4.326s] -- Installing: /home/luxifer/LearningRoom/navigation_ws/src/install/carbot_patrol_interfaces/share/carbot_patrol_interfaces/local_setup.sh
[4.326s] -- Installing: /home/luxifer/LearningRoom/navigation_ws/src/install/carbot_patrol_interfaces/share/carbot_patrol_interfaces/local_setup.zsh
[4.326s] -- Installing: /home/luxifer/LearningRoom/navigation_ws/src/install/carbot_patrol_interfaces/share/carbot_patrol_interfaces/local_setup.dsv
[4.327s] -- Installing: /home/luxifer/LearningRoom/navigation_ws/src/install/carbot_patrol_interfaces/share/carbot_patrol_interfaces/package.dsv
[4.327s] -- Installing: /home/luxifer/LearningRoom/navigation_ws/src/install/carbot_patrol_interfaces/share/ament_index/resource_index/packages/carbot_patrol_interfaces
[4.327s] -- Installing: /home/luxifer/LearningRoom/navigation_ws/src/install/carbot_patrol_interfaces/share/carbot_patrol_interfaces/cmake/export_carbot_patrol_interfaces__rosidl_generator_cExport.cmake
[4.327s] -- Installing: /home/luxifer/LearningRoom/navigation_ws/src/install/carbot_patrol_interfaces/share/carbot_patrol_interfaces/cmake/export_carbot_patrol_interfaces__rosidl_generator_cExport-noconfig.cmake
[4.327s] -- Installing: /home/luxifer/LearningRoom/navigation_ws/src/install/carbot_patrol_interfaces/share/carbot_patrol_interfaces/cmake/export_carbot_patrol_interfaces__rosidl_typesupport_fastrtps_cExport.cmake
[4.327s] -- Installing: /home/luxifer/LearningRoom/navigation_ws/src/install/carbot_patrol_interfaces/share/carbot_patrol_interfaces/cmake/export_carbot_patrol_interfaces__rosidl_typesupport_fastrtps_cExport-noconfig.cmake
[4.327s] -- Installing: /home/luxifer/LearningRoom/navigation_ws/src/install/carbot_patrol_interfaces/share/carbot_patrol_interfaces/cmake/carbot_patrol_interfaces__rosidl_typesupport_introspection_cExport.cmake
[4.327s] -- Installing: /home/luxifer/LearningRoom/navigation_ws/src/install/carbot_patrol_interfaces/share/carbot_patrol_interfaces/cmake/carbot_patrol_interfaces__rosidl_typesupport_introspection_cExport-noconfig.cmake
[4.327s] -- Installing: /home/luxifer/LearningRoom/navigation_ws/src/install/carbot_patrol_interfaces/share/carbot_patrol_interfaces/cmake/carbot_patrol_interfaces__rosidl_typesupport_cExport.cmake
[4.327s] -- Installing: /home/luxifer/LearningRoom/navigation_ws/src/install/carbot_patrol_interfaces/share/carbot_patrol_interfaces/cmake/carbot_patrol_interfaces__rosidl_typesupport_cExport-noconfig.cmake
[4.327s] -- Installing: /home/luxifer/LearningRoom/navigation_ws/src/install/carbot_patrol_interfaces/share/carbot_patrol_interfaces/cmake/export_carbot_patrol_interfaces__rosidl_generator_cppExport.cmake
[4.328s] -- Installing: /home/luxifer/LearningRoom/navigation_ws/src/install/carbot_patrol_interfaces/share/carbot_patrol_interfaces/cmake/export_carbot_patrol_interfaces__rosidl_typesupport_fastrtps_cppExport.cmake
[4.328s] -- Installing: /home/luxifer/LearningRoom/navigation_ws/src/install/carbot_patrol_interfaces/share/carbot_patrol_interfaces/cmake/export_carbot_patrol_interfaces__rosidl_typesupport_fastrtps_cppExport-noconfig.cmake
[4.328s] -- Installing: /home/luxifer/LearningRoom/navigation_ws/src/install/carbot_patrol_interfaces/share/carbot_patrol_interfaces/cmake/carbot_patrol_interfaces__rosidl_typesupport_introspection_cppExport.cmake
[4.328s] -- Installing: /home/luxifer/LearningRoom/navigation_ws/src/install/carbot_patrol_interfaces/share/carbot_patrol_interfaces/cmake/carbot_patrol_interfaces__rosidl_typesupport_introspection_cppExport-noconfig.cmake
[4.328s] -- Installing: /home/luxifer/LearningRoom/navigation_ws/src/install/carbot_patrol_interfaces/share/carbot_patrol_interfaces/cmake/carbot_patrol_interfaces__rosidl_typesupport_cppExport.cmake
[4.328s] -- Installing: /home/luxifer/LearningRoom/navigation_ws/src/install/carbot_patrol_interfaces/share/carbot_patrol_interfaces/cmake/carbot_patrol_interfaces__rosidl_typesupport_cppExport-noconfig.cmake
[4.328s] -- Installing: /home/luxifer/LearningRoom/navigation_ws/src/install/carbot_patrol_interfaces/share/carbot_patrol_interfaces/cmake/export_carbot_patrol_interfaces__rosidl_generator_pyExport.cmake
[4.328s] -- Installing: /home/luxifer/LearningRoom/navigation_ws/src/install/carbot_patrol_interfaces/share/carbot_patrol_interfaces/cmake/export_carbot_patrol_interfaces__rosidl_generator_pyExport-noconfig.cmake
[4.328s] -- Installing: /home/luxifer/LearningRoom/navigation_ws/src/install/carbot_patrol_interfaces/share/carbot_patrol_interfaces/cmake/rosidl_cmake-extras.cmake
[4.328s] -- Installing: /home/luxifer/LearningRoom/navigation_ws/src/install/carbot_patrol_interfaces/share/carbot_patrol_interfaces/cmake/ament_cmake_export_dependencies-extras.cmake
[4.328s] -- Installing: /home/luxifer/LearningRoom/navigation_ws/src/install/carbot_patrol_interfaces/share/carbot_patrol_interfaces/cmake/ament_cmake_export_include_directories-extras.cmake
[4.329s] -- Installing: /home/luxifer/LearningRoom/navigation_ws/src/install/carbot_patrol_interfaces/share/carbot_patrol_interfaces/cmake/ament_cmake_export_libraries-extras.cmake
[4.329s] -- Installing: /home/luxifer/LearningRoom/navigation_ws/src/install/carbot_patrol_interfaces/share/carbot_patrol_interfaces/cmake/ament_cmake_export_targets-extras.cmake
[4.329s] -- Installing: /home/luxifer/LearningRoom/navigation_ws/src/install/carbot_patrol_interfaces/share/carbot_patrol_interfaces/cmake/rosidl_cmake_export_typesupport_targets-extras.cmake
[4.329s] -- Installing: /home/luxifer/LearningRoom/navigation_ws/src/install/carbot_patrol_interfaces/share/carbot_patrol_interfaces/cmake/rosidl_cmake_export_typesupport_libraries-extras.cmake
[4.329s] -- Installing: /home/luxifer/LearningRoom/navigation_ws/src/install/carbot_patrol_interfaces/share/carbot_patrol_interfaces/cmake/carbot_patrol_interfacesConfig.cmake
[4.329s] -- Installing: /home/luxifer/LearningRoom/navigation_ws/src/install/carbot_patrol_interfaces/share/carbot_patrol_interfaces/cmake/carbot_patrol_interfacesConfig-version.cmake
[4.329s] -- Installing: /home/luxifer/LearningRoom/navigation_ws/src/install/carbot_patrol_interfaces/share/carbot_patrol_interfaces/package.xml
[4.330s] Invoked command in '/home/luxifer/LearningRoom/navigation_ws/src/build/carbot_patrol_interfaces' returned '0': CMAKE_PREFIX_PATH=${CMAKE_PREFIX_PATH}:/home/luxifer/LearningRoom/navigation_ws/install/auto_patrol_carbot:/home/luxifer/LearningRoom/navigation_ws/install/carbot_application:/opt/ros/jazzy DEBUGINFOD_URLS=https://debuginfod.ubuntu.com /usr/bin/cmake --install /home/luxifer/LearningRoom/navigation_ws/src/build/carbot_patrol_interfaces
