[0.054s] DEBUG:colcon:Command line arguments: ['/usr/bin/colcon', 'build']
[0.054s] DEBUG:colcon:Parsed command line arguments: Namespace(log_base=None, log_level=None, verb_name='build', build_base='build', install_base='install', merge_install=False, symlink_install=False, test_result_base=None, continue_on_error=False, executor='parallel', parallel_workers=8, event_handlers=None, ignore_user_meta=False, metas=['./colcon.meta'], base_paths=['.'], packages_ignore=None, packages_ignore_regex=None, paths=None, packages_up_to=None, packages_up_to_regex=None, packages_above=None, packages_above_and_dependencies=None, packages_above_depth=None, packages_select_by_dep=None, packages_skip_by_dep=None, packages_skip_up_to=None, packages_select_build_failed=False, packages_skip_build_finished=False, packages_select_test_failures=False, packages_skip_test_passed=False, packages_select=None, packages_skip=None, packages_select_regex=None, packages_skip_regex=None, packages_start=None, packages_end=None, allow_overriding=[], cmake_args=None, cmake_target=None, cmake_target_skip_unavailable=False, cmake_clean_cache=False, cmake_clean_first=False, cmake_force_configure=False, ament_cmake_args=None, catkin_cmake_args=None, catkin_skip_building_tests=False, verb_parser=<colcon_defaults.argument_parser.defaults.DefaultArgumentsDecorator object at 0x738e59a469f0>, verb_extension=<colcon_core.verb.build.BuildVerb object at 0x738e59a463c0>, main=<bound method BuildVerb.main of <colcon_core.verb.build.BuildVerb object at 0x738e59a463c0>>)
[0.074s] Level 1:colcon.colcon_core.package_discovery:discover_packages(colcon_meta) check parameters
[0.075s] Level 1:colcon.colcon_core.package_discovery:discover_packages(recursive) check parameters
[0.075s] Level 1:colcon.colcon_core.package_discovery:discover_packages(ignore) check parameters
[0.075s] Level 1:colcon.colcon_core.package_discovery:discover_packages(path) check parameters
[0.075s] Level 1:colcon.colcon_core.package_discovery:discover_packages(colcon_meta) discover
[0.075s] Level 1:colcon.colcon_core.package_discovery:discover_packages(recursive) discover
[0.075s] INFO:colcon.colcon_core.package_discovery:Crawling recursively for packages in '/home/luxifer/LearningRoom/navigation_ws/src/nav2_custom_planner'
[0.075s] Level 1:colcon.colcon_core.package_identification:_identify(.) by extensions ['ignore', 'ignore_ament_install']
[0.075s] Level 1:colcon.colcon_core.package_identification:_identify(.) by extension 'ignore'
[0.075s] Level 1:colcon.colcon_core.package_identification:_identify(.) by extension 'ignore_ament_install'
[0.075s] Level 1:colcon.colcon_core.package_identification:_identify(.) by extensions ['colcon_pkg']
[0.075s] Level 1:colcon.colcon_core.package_identification:_identify(.) by extension 'colcon_pkg'
[0.075s] Level 1:colcon.colcon_core.package_identification:_identify(.) by extensions ['colcon_meta']
[0.075s] Level 1:colcon.colcon_core.package_identification:_identify(.) by extension 'colcon_meta'
[0.075s] Level 1:colcon.colcon_core.package_identification:_identify(.) by extensions ['ros']
[0.075s] Level 1:colcon.colcon_core.package_identification:_identify(.) by extension 'ros'
[0.089s] DEBUG:colcon.colcon_core.package_identification:Package '.' with type 'ros.ament_cmake' and name 'nav2_custom_planner'
[0.089s] Level 1:colcon.colcon_core.package_discovery:discover_packages(recursive) using defaults
[0.089s] Level 1:colcon.colcon_core.package_discovery:discover_packages(ignore) discover
[0.089s] Level 1:colcon.colcon_core.package_discovery:discover_packages(ignore) using defaults
[0.089s] Level 1:colcon.colcon_core.package_discovery:discover_packages(path) discover
[0.089s] Level 1:colcon.colcon_core.package_discovery:discover_packages(path) using defaults
[0.098s] Level 1:colcon.colcon_core.package_discovery:discover_packages(prefix_path) check parameters
[0.098s] Level 1:colcon.colcon_core.package_discovery:discover_packages(prefix_path) discover
[0.099s] DEBUG:colcon.colcon_installed_package_information.package_discovery:Found 1 installed packages in /home/luxifer/LearningRoom/pluginLib_ws/install
[0.100s] DEBUG:colcon.colcon_installed_package_information.package_discovery:Found 472 installed packages in /opt/ros/jazzy
[0.101s] Level 1:colcon.colcon_core.package_discovery:discover_packages(prefix_path) using defaults
[0.127s] Level 5:colcon.colcon_core.verb:set package 'nav2_custom_planner' build argument 'cmake_args' from command line to 'None'
[0.127s] Level 5:colcon.colcon_core.verb:set package 'nav2_custom_planner' build argument 'cmake_target' from command line to 'None'
[0.127s] Level 5:colcon.colcon_core.verb:set package 'nav2_custom_planner' build argument 'cmake_target_skip_unavailable' from command line to 'False'
[0.127s] Level 5:colcon.colcon_core.verb:set package 'nav2_custom_planner' build argument 'cmake_clean_cache' from command line to 'False'
[0.127s] Level 5:colcon.colcon_core.verb:set package 'nav2_custom_planner' build argument 'cmake_clean_first' from command line to 'False'
[0.127s] Level 5:colcon.colcon_core.verb:set package 'nav2_custom_planner' build argument 'cmake_force_configure' from command line to 'False'
[0.127s] Level 5:colcon.colcon_core.verb:set package 'nav2_custom_planner' build argument 'ament_cmake_args' from command line to 'None'
[0.127s] Level 5:colcon.colcon_core.verb:set package 'nav2_custom_planner' build argument 'catkin_cmake_args' from command line to 'None'
[0.127s] Level 5:colcon.colcon_core.verb:set package 'nav2_custom_planner' build argument 'catkin_skip_building_tests' from command line to 'False'
[0.127s] DEBUG:colcon.colcon_core.verb:Building package 'nav2_custom_planner' with the following arguments: {'ament_cmake_args': None, 'build_base': '/home/luxifer/LearningRoom/navigation_ws/src/nav2_custom_planner/build/nav2_custom_planner', 'catkin_cmake_args': None, 'catkin_skip_building_tests': False, 'cmake_args': None, 'cmake_clean_cache': False, 'cmake_clean_first': False, 'cmake_force_configure': False, 'cmake_target': None, 'cmake_target_skip_unavailable': False, 'install_base': '/home/luxifer/LearningRoom/navigation_ws/src/nav2_custom_planner/install/nav2_custom_planner', 'merge_install': False, 'path': '/home/luxifer/LearningRoom/navigation_ws/src/nav2_custom_planner', 'symlink_install': False, 'test_result_base': None}
[0.127s] INFO:colcon.colcon_core.executor:Executing jobs using 'parallel' executor
[0.127s] DEBUG:colcon.colcon_parallel_executor.executor.parallel:run_until_complete
[0.127s] INFO:colcon.colcon_ros.task.ament_cmake.build:Building ROS package in '/home/luxifer/LearningRoom/navigation_ws/src/nav2_custom_planner' with build type 'ament_cmake'
[0.127s] INFO:colcon.colcon_cmake.task.cmake.build:Building CMake package in '/home/luxifer/LearningRoom/navigation_ws/src/nav2_custom_planner'
[0.129s] INFO:colcon.colcon_core.plugin_system:Skipping extension 'colcon_core.shell.bat': Not used on non-Windows systems
[0.129s] INFO:colcon.colcon_core.shell:Skip shell extension 'powershell' for command environment: Not usable outside of PowerShell
[0.129s] DEBUG:colcon.colcon_core.shell:Skip shell extension 'dsv' for command environment
[0.135s] DEBUG:colcon.colcon_core.event_handler.log_command:Invoking command in '/home/luxifer/LearningRoom/navigation_ws/src/nav2_custom_planner/build/nav2_custom_planner': CMAKE_PREFIX_PATH=${CMAKE_PREFIX_PATH}:/opt/ros/jazzy DEBUGINFOD_URLS=https://debuginfod.ubuntu.com /usr/bin/cmake /home/luxifer/LearningRoom/navigation_ws/src/nav2_custom_planner -DCMAKE_INSTALL_PREFIX=/home/luxifer/LearningRoom/navigation_ws/src/nav2_custom_planner/install/nav2_custom_planner
[0.936s] DEBUG:colcon.colcon_core.event_handler.log_command:Invoked command in '/home/luxifer/LearningRoom/navigation_ws/src/nav2_custom_planner/build/nav2_custom_planner' returned '0': CMAKE_PREFIX_PATH=${CMAKE_PREFIX_PATH}:/opt/ros/jazzy DEBUGINFOD_URLS=https://debuginfod.ubuntu.com /usr/bin/cmake /home/luxifer/LearningRoom/navigation_ws/src/nav2_custom_planner -DCMAKE_INSTALL_PREFIX=/home/luxifer/LearningRoom/navigation_ws/src/nav2_custom_planner/install/nav2_custom_planner
[0.937s] DEBUG:colcon.colcon_core.event_handler.log_command:Invoking command in '/home/luxifer/LearningRoom/navigation_ws/src/nav2_custom_planner/build/nav2_custom_planner': CMAKE_PREFIX_PATH=${CMAKE_PREFIX_PATH}:/opt/ros/jazzy DEBUGINFOD_URLS=https://debuginfod.ubuntu.com /usr/bin/cmake --build /home/luxifer/LearningRoom/navigation_ws/src/nav2_custom_planner/build/nav2_custom_planner -- -j8 -l8
[1.365s] DEBUG:colcon.colcon_core.event_handler.log_command:Invoked command in '/home/luxifer/LearningRoom/navigation_ws/src/nav2_custom_planner/build/nav2_custom_planner' returned '2': CMAKE_PREFIX_PATH=${CMAKE_PREFIX_PATH}:/opt/ros/jazzy DEBUGINFOD_URLS=https://debuginfod.ubuntu.com /usr/bin/cmake --build /home/luxifer/LearningRoom/navigation_ws/src/nav2_custom_planner/build/nav2_custom_planner -- -j8 -l8
[1.365s] Level 1:colcon.colcon_core.environment:create_environment_scripts_only(nav2_custom_planner)
[1.366s] Level 1:colcon.colcon_core.environment:checking '/home/luxifer/LearningRoom/navigation_ws/src/nav2_custom_planner/install/nav2_custom_planner' for CMake module files
[1.367s] Level 1:colcon.colcon_core.environment:checking '/home/luxifer/LearningRoom/navigation_ws/src/nav2_custom_planner/install/nav2_custom_planner' for CMake config files
[1.367s] Level 1:colcon.colcon_core.environment:checking '/home/luxifer/LearningRoom/navigation_ws/src/nav2_custom_planner/install/nav2_custom_planner/bin'
[1.367s] Level 1:colcon.colcon_core.environment:checking '/home/luxifer/LearningRoom/navigation_ws/src/nav2_custom_planner/install/nav2_custom_planner/lib/pkgconfig/nav2_custom_planner.pc'
[1.367s] Level 1:colcon.colcon_core.environment:checking '/home/luxifer/LearningRoom/navigation_ws/src/nav2_custom_planner/install/nav2_custom_planner/lib/python3.12/site-packages'
[1.367s] Level 1:colcon.colcon_core.environment:checking '/home/luxifer/LearningRoom/navigation_ws/src/nav2_custom_planner/install/nav2_custom_planner/bin'
[1.367s] INFO:colcon.colcon_core.shell:Creating package script '/home/luxifer/LearningRoom/navigation_ws/src/nav2_custom_planner/install/nav2_custom_planner/share/nav2_custom_planner/package.ps1'
[1.368s] INFO:colcon.colcon_core.shell:Creating package descriptor '/home/luxifer/LearningRoom/navigation_ws/src/nav2_custom_planner/install/nav2_custom_planner/share/nav2_custom_planner/package.dsv'
[1.368s] INFO:colcon.colcon_core.shell:Creating package script '/home/luxifer/LearningRoom/navigation_ws/src/nav2_custom_planner/install/nav2_custom_planner/share/nav2_custom_planner/package.sh'
[1.369s] INFO:colcon.colcon_core.shell:Creating package script '/home/luxifer/LearningRoom/navigation_ws/src/nav2_custom_planner/install/nav2_custom_planner/share/nav2_custom_planner/package.bash'
[1.369s] INFO:colcon.colcon_core.shell:Creating package script '/home/luxifer/LearningRoom/navigation_ws/src/nav2_custom_planner/install/nav2_custom_planner/share/nav2_custom_planner/package.zsh'
[1.369s] Level 1:colcon.colcon_core.environment:create_file_with_runtime_dependencies(/home/luxifer/LearningRoom/navigation_ws/src/nav2_custom_planner/install/nav2_custom_planner/share/colcon-core/packages/nav2_custom_planner)
[1.380s] DEBUG:colcon.colcon_parallel_executor.executor.parallel:closing loop
[1.380s] DEBUG:colcon.colcon_parallel_executor.executor.parallel:loop closed
[1.380s] DEBUG:colcon.colcon_parallel_executor.executor.parallel:run_until_complete finished with '2'
[1.380s] DEBUG:colcon.colcon_core.event_reactor:joining thread
[1.383s] INFO:colcon.colcon_core.plugin_system:Skipping extension 'colcon_notification.desktop_notification.terminal_notifier': Not used on non-Darwin systems
[1.383s] INFO:colcon.colcon_core.plugin_system:Skipping extension 'colcon_notification.desktop_notification.win32': Not used on non-Windows systems
[1.383s] INFO:colcon.colcon_notification.desktop_notification:Sending desktop notification using 'notify2'
[1.392s] DEBUG:colcon.colcon_core.event_reactor:joined thread
[1.392s] INFO:colcon.colcon_core.shell:Creating prefix script '/home/luxifer/LearningRoom/navigation_ws/src/nav2_custom_planner/install/local_setup.ps1'
[1.393s] INFO:colcon.colcon_core.shell:Creating prefix util module '/home/luxifer/LearningRoom/navigation_ws/src/nav2_custom_planner/install/_local_setup_util_ps1.py'
[1.394s] INFO:colcon.colcon_core.shell:Creating prefix chain script '/home/luxifer/LearningRoom/navigation_ws/src/nav2_custom_planner/install/setup.ps1'
[1.395s] INFO:colcon.colcon_core.shell:Creating prefix script '/home/luxifer/LearningRoom/navigation_ws/src/nav2_custom_planner/install/local_setup.sh'
[1.395s] INFO:colcon.colcon_core.shell:Creating prefix util module '/home/luxifer/LearningRoom/navigation_ws/src/nav2_custom_planner/install/_local_setup_util_sh.py'
[1.396s] INFO:colcon.colcon_core.shell:Creating prefix chain script '/home/luxifer/LearningRoom/navigation_ws/src/nav2_custom_planner/install/setup.sh'
[1.396s] INFO:colcon.colcon_core.shell:Creating prefix script '/home/luxifer/LearningRoom/navigation_ws/src/nav2_custom_planner/install/local_setup.bash'
[1.396s] INFO:colcon.colcon_core.shell:Creating prefix chain script '/home/luxifer/LearningRoom/navigation_ws/src/nav2_custom_planner/install/setup.bash'
[1.397s] INFO:colcon.colcon_core.shell:Creating prefix script '/home/luxifer/LearningRoom/navigation_ws/src/nav2_custom_planner/install/local_setup.zsh'
[1.397s] INFO:colcon.colcon_core.shell:Creating prefix chain script '/home/luxifer/LearningRoom/navigation_ws/src/nav2_custom_planner/install/setup.zsh'
